Component: Arm Compiler for Embedded 6.19 Tool: armlink [5e73cb00]

==============================================================================

Section Cross References

    startup_stm32g431xx.o(STACK) refers (Special) to heapauxi.o(.text) for __use_two_region_memory
    startup_stm32g431xx.o(HEAP) refers (Special) to heapauxi.o(.text) for __use_two_region_memory
    startup_stm32g431xx.o(RESET) refers (Special) to heapauxi.o(.text) for __use_two_region_memory
    startup_stm32g431xx.o(RESET) refers to startup_stm32g431xx.o(STACK) for __initial_sp
    startup_stm32g431xx.o(RESET) refers to startup_stm32g431xx.o(.text) for Reset_Handler
    startup_stm32g431xx.o(RESET) refers to stm32g4xx_it.o(.text.NMI_Handler) for NMI_Handler
    startup_stm32g431xx.o(RESET) refers to stm32g4xx_it.o(.text.HardFault_Handler) for HardFault_Handler
    startup_stm32g431xx.o(RESET) refers to stm32g4xx_it.o(.text.MemManage_Handler) for MemManage_Handler
    startup_stm32g431xx.o(RESET) refers to stm32g4xx_it.o(.text.BusFault_Handler) for BusFault_Handler
    startup_stm32g431xx.o(RESET) refers to stm32g4xx_it.o(.text.UsageFault_Handler) for UsageFault_Handler
    startup_stm32g431xx.o(RESET) refers to stm32g4xx_it.o(.text.SVC_Handler) for SVC_Handler
    startup_stm32g431xx.o(RESET) refers to stm32g4xx_it.o(.text.DebugMon_Handler) for DebugMon_Handler
    startup_stm32g431xx.o(RESET) refers to stm32g4xx_it.o(.text.PendSV_Handler) for PendSV_Handler
    startup_stm32g431xx.o(RESET) refers to main.o(.text.TIM7_IRQHandler) for TIM7_IRQHandler
    startup_stm32g431xx.o(.text) refers (Special) to heapauxi.o(.text) for __use_two_region_memory
    startup_stm32g431xx.o(.text) refers to system_stm32g4xx.o(.text.SystemInit) for SystemInit
    startup_stm32g431xx.o(.text) refers to __main.o(!!!main) for __main
    startup_stm32g431xx.o(.text) refers to startup_stm32g431xx.o(HEAP) for Heap_Mem
    startup_stm32g431xx.o(.text) refers to startup_stm32g431xx.o(STACK) for Stack_Mem
    main.o(.text.main) refers to main.o(.text.Init) for Init
    main.o(.text.main) refers to uart.o(.text.UART_Config) for UART_Config
    main.o(.text.main) refers to uart.o(.text.UART_StateMachine2) for UART_StateMachine2
    main.o(.ARM.exidx.text.main) refers to main.o(.text.main) for [Anonymous Symbol]
    main.o(.text.Init) refers to main.o(.text.SystemClock_Config) for SystemClock_Config
    main.o(.text.Init) refers to init_peripherial.o(.text.GPIO_Init) for GPIO_Init
    main.o(.text.Init) refers to init_peripherial.o(.text.DMA_Init) for DMA_Init
    main.o(.text.Init) refers to init_peripherial.o(.text.LPUART1_UART_Init) for LPUART1_UART_Init
    main.o(.text.Init) refers to init_peripherial.o(.text.TIM7_Init) for TIM7_Init
    main.o(.ARM.exidx.text.Init) refers to main.o(.text.Init) for [Anonymous Symbol]
    main.o(.text.SystemClock_Config) refers to stm32g4xx_ll_utils.o(.text.LL_Init1msTick) for LL_Init1msTick
    main.o(.text.SystemClock_Config) refers to stm32g4xx_ll_utils.o(.text.LL_SetSystemCoreClock) for LL_SetSystemCoreClock
    main.o(.ARM.exidx.text.SystemClock_Config) refers to main.o(.text.SystemClock_Config) for [Anonymous Symbol]
    main.o(.text.BootInit) refers to main.o(.rodata.BootInit.boot_tx) for BootInit.boot_tx
    main.o(.text.BootInit) refers to crc_calc.o(.text.CalculateCRC) for CalculateCRC
    main.o(.text.BootInit) refers to main.o(.bss.rx_data_buf) for rx_data_buf
    main.o(.text.BootInit) refers to main.o(.bss.tx_data_buf) for tx_data_buf
    main.o(.text.BootInit) refers to crc_calc.o(.text.CalculateCRCCircularBuffer) for CalculateCRCCircularBuffer
    main.o(.text.BootInit) refers to rt_memclr_w.o(.text) for __aeabi_memclr4
    main.o(.ARM.exidx.text.BootInit) refers to main.o(.text.BootInit) for [Anonymous Symbol]
    main.o(.text.BootLoader) refers to uart.o(.text.UART_Config) for UART_Config
    main.o(.ARM.exidx.text.BootLoader) refers to main.o(.text.BootLoader) for [Anonymous Symbol]
    main.o(.text.TIM7_IRQHandler) refers to uart.o(.text.UART_StateMachine) for UART_StateMachine
    main.o(.ARM.exidx.text.TIM7_IRQHandler) refers to main.o(.text.TIM7_IRQHandler) for [Anonymous Symbol]
    main.o(.text.DeInit) refers to init_peripherial.o(.text.DeInit_GPIO) for DeInit_GPIO
    main.o(.text.DeInit) refers to init_peripherial.o(.text.DeInit_DMA) for DeInit_DMA
    main.o(.text.DeInit) refers to init_peripherial.o(.text.DeInit_LPUART1) for DeInit_LPUART1
    main.o(.text.DeInit) refers to init_peripherial.o(.text.DeInit_TIM7) for DeInit_TIM7
    main.o(.ARM.exidx.text.DeInit) refers to main.o(.text.DeInit) for [Anonymous Symbol]
    main.o(.ARM.exidx.text.StartProgram) refers to main.o(.text.StartProgram) for [Anonymous Symbol]
    main.o(.ARM.exidx.text.Debug_Led_boot_run) refers to main.o(.text.Debug_Led_boot_run) for [Anonymous Symbol]
    main.o(.ARM.exidx.text.Debug_Led_app_run) refers to main.o(.text.Debug_Led_app_run) for [Anonymous Symbol]
[...]
    stm32g4xx_ll_tim.o(.ARM.exidx.text.LL_TIM_Init) refers to stm32g4xx_ll_tim.o(.text.LL_TIM_Init) for [Anonymous Symbol]
    stm32g4xx_ll_tim.o(.text.LL_TIM_OC_StructInit) refers to rt_memclr_w.o(.text) for __aeabi_memclr4
    stm32g4xx_ll_tim.o(.ARM.exidx.text.LL_TIM_OC_StructInit) refers to stm32g4xx_ll_tim.o(.text.LL_TIM_OC_StructInit) for [Anonymous Symbol]
    stm32g4xx_ll_tim.o(.ARM.exidx.text.LL_TIM_OC_Init) refers to stm32g4xx_ll_tim.o(.text.LL_TIM_OC_Init) for [Anonymous Symbol]
    stm32g4xx_ll_tim.o(.ARM.exidx.text.LL_TIM_IC_StructInit) refers to stm32g4xx_ll_tim.o(.text.LL_TIM_IC_StructInit) for [Anonymous Symbol]
    stm32g4xx_ll_tim.o(.ARM.exidx.text.LL_TIM_IC_Init) refers to stm32g4xx_ll_tim.o(.text.LL_TIM_IC_Init) for [Anonymous Symbol]
    stm32g4xx_ll_tim.o(.ARM.exidx.text.LL_TIM_ENCODER_StructInit) refers to stm32g4xx_ll_tim.o(.text.LL_TIM_ENCODER_StructInit) for [Anonymous Symbol]
    stm32g4xx_ll_tim.o(.ARM.exidx.text.LL_TIM_ENCODER_Init) refers to stm32g4xx_ll_tim.o(.text.LL_TIM_ENCODER_Init) for [Anonymous Symbol]
    stm32g4xx_ll_tim.o(.ARM.exidx.text.LL_TIM_HALLSENSOR_StructInit) refers to stm32g4xx_ll_tim.o(.text.LL_TIM_HALLSENSOR_StructInit) for [Anonymous Symbol]
    stm32g4xx_ll_tim.o(.ARM.exidx.text.LL_TIM_HALLSENSOR_Init) refers to stm32g4xx_ll_tim.o(.text.LL_TIM_HALLSENSOR_Init) for [Anonymous Symbol]
    stm32g4xx_ll_tim.o(.text.LL_TIM_BDTR_StructInit) refers to rt_memclr.o(.text) for __aeabi_memclr
    stm32g4xx_ll_tim.o(.ARM.exidx.text.LL_TIM_BDTR_StructInit) refers to stm32g4xx_ll_tim.o(.text.LL_TIM_BDTR_StructInit) for [Anonymous Symbol]
    stm32g4xx_ll_tim.o(.ARM.exidx.text.LL_TIM_BDTR_Init) refers to stm32g4xx_ll_tim.o(.text.LL_TIM_BDTR_Init) for [Anonymous Symbol]
    system_stm32g4xx.o(.ARM.exidx.text.SystemInit) refers to system_stm32g4xx.o(.text.SystemInit) for [Anonymous Symbol]
    system_stm32g4xx.o(.text.SystemCoreClockUpdate) refers to system_stm32g4xx.o(.data.SystemCoreClock) for SystemCoreClock
    system_stm32g4xx.o(.text.SystemCoreClockUpdate) refers to system_stm32g4xx.o(.rodata.AHBPrescTable) for AHBPrescTable
    system_stm32g4xx.o(.ARM.exidx.text.SystemCoreClockUpdate) refers to system_stm32g4xx.o(.text.SystemCoreClockUpdate) for [Anonymous Symbol]
    rt_memcpy_v6.o(.text) refers to rt_memcpy_w.o(.text) for __aeabi_memcpy4
    rt_memclr.o(.text) refers to rt_memclr_w.o(.text) for _memset_w
    __main.o(!!!main) refers to __rtentry.o(.ARM.Collect$$rtentry$$00000000) for __rt_entry
    __rtentry.o(.ARM.Collect$$rtentry$$00000000) refers (Special) to __rtentry2.o(.ARM.Collect$$rtentry$$0000000A) for __rt_entry_li
    __rtentry.o(.ARM.Collect$$rtentry$$00000000) refers (Special) to __rtentry2.o(.ARM.Collect$$rtentry$$0000000D) for __rt_entry_main
    __rtentry.o(.ARM.Collect$$rtentry$$00000000) refers (Special) to __rtentry2.o(.ARM.Collect$$rtentry$$0000000C) for __rt_entry_postli_1
    __rtentry.o(.ARM.Collect$$rtentry$$00000000) refers (Special) to __rtentry2.o(.ARM.Collect$$rtentry$$00000009) for __rt_entry_postsh_1
    __rtentry.o(.ARM.Collect$$rtentry$$00000000) refers (Special) to __rtentry2.o(.ARM.Collect$$rtentry$$00000002) for __rt_entry_presh_1
    __rtentry.o(.ARM.Collect$$rtentry$$00000000) refers (Special) to __rtentry4.o(.ARM.Collect$$rtentry$$00000004) for __rt_entry_sh
    aeabi_ldiv0_sigfpe.o(.text) refers to rt_div0.o(.text) for __rt_div0
    __rtentry2.o(.ARM.Collect$$rtentry$$00000008) refers to boardinit2.o(.text) for _platform_post_stackheap_init
    __rtentry2.o(.ARM.Collect$$rtentry$$0000000A) refers to libinit.o(.ARM.Collect$$libinit$$00000000) for __rt_lib_init
    __rtentry2.o(.ARM.Collect$$rtentry$$0000000B) refers to boardinit3.o(.text) for _platform_post_lib_init
    __rtentry2.o(.ARM.Collect$$rtentry$$0000000D) refers to main.o(.text.main) for main
    __rtentry2.o(.ARM.Collect$$rtentry$$0000000D) refers to exit.o(.text) for exit
    __rtentry2.o(.ARM.exidx) refers to __rtentry2.o(.ARM.Collect$$rtentry$$00000001) for .ARM.Collect$$rtentry$$00000001
    __rtentry2.o(.ARM.exidx) refers to __rtentry2.o(.ARM.Collect$$rtentry$$00000008) for .ARM.Collect$$rtentry$$00000008
    __rtentry2.o(.ARM.exidx) refers to __rtentry2.o(.ARM.Collect$$rtentry$$0000000A) for .ARM.Collect$$rtentry$$0000000A
    __rtentry2.o(.ARM.exidx) refers to __rtentry2.o(.ARM.Collect$$rtentry$$0000000B) for .ARM.Collect$$rtentry$$0000000B
    __rtentry2.o(.ARM.exidx) refers to __rtentry2.o(.ARM.Collect$$rtentry$$0000000D) for .ARM.Collect$$rtentry$$0000000D
    __rtentry4.o(.ARM.Collect$$rtentry$$00000004) refers to sys_stackheap_outer.o(.text) for __user_setup_stackheap
    __rtentry4.o(.ARM.exidx) refers to __rtentry4.o(.ARM.Collect$$rtentry$$00000004) for .ARM.Collect$$rtentry$$00000004
    rt_div0.o(.text) refers to defsig_fpe_outer.o(.text) for __rt_SIGFPE
    sys_stackheap_outer.o(.text) refers to libspace.o(.text) for __user_perproc_libspace
    sys_stackheap_outer.o(.text) refers to startup_stm32g431xx.o(.text) for __user_initial_stackheap
    exit.o(.text) refers to rtexit.o(.ARM.Collect$$rtexit$$00000000) for __rt_exit
    defsig_fpe_outer.o(.text) refers to defsig_fpe_inner.o(.text) for __rt_SIGFPE_inner
    defsig_fpe_outer.o(.text) refers to defsig_exit.o(.text) for __sig_exit
    defsig_fpe_formal.o(.text) refers to rt_raise.o(.text) for __rt_raise
    libinit.o(.ARM.Collect$$libinit$$00000000) refers (Special) to libinit2.o(.ARM.Collect$$libinit$$00000030) for __rt_lib_init_alloca_1
    libinit.o(.ARM.Collect$$libinit$$00000000) refers (Special) to libinit2.o(.ARM.Collect$$libinit$$0000002E) for __rt_lib_init_argv_1
    libinit.o(.ARM.Collect$$libinit$$00000000) refers (Special) to libinit2.o(.ARM.Collect$$libinit$$0000001D) for __rt_lib_init_atexit_1
    libinit.o(.ARM.Collect$$libinit$$00000000) refers (Special) to libinit2.o(.ARM.Collect$$libinit$$00000023) for __rt_lib_init_clock_1
    libinit.o(.ARM.Collect$$libinit$$00000000) refers (Special) to libinit2.o(.ARM.Collect$$libinit$$00000034) for __rt_lib_init_cpp_1
    libinit.o(.ARM.Collect$$libinit$$00000000) refers (Special) to libinit2.o(.ARM.Collect$$libinit$$00000032) for __rt_lib_init_exceptions_1
    libinit.o(.ARM.Collect$$libinit$$00000000) refers (Special) to libinit2.o(.ARM.Collect$$libinit$$00000001) for __rt_lib_init_fp_1
    libinit.o(.ARM.Collect$$libinit$$00000000) refers (Special) to libinit2.o(.ARM.Collect$$libinit$$00000021) for __rt_lib_init_fp_trap_1
    libinit.o(.ARM.Collect$$libinit$$00000000) refers (Special) to libinit2.o(.ARM.Collect$$libinit$$00000025) for __rt_lib_init_getenv_1
    libinit.o(.ARM.Collect$$libinit$$00000000) refers (Special) to libinit2.o(.ARM.Collect$$libinit$$0000000C) for __rt_lib_init_heap_1
    libinit.o(.ARM.Collect$$libinit$$00000000) refers (Special) to libinit2.o(.ARM.Collect$$libinit$$00000013) for __rt_lib_init_lc_collate_1
    libinit.o(.ARM.Collect$$libinit$$00000000) refers (Special) to libinit2.o(.ARM.Collect$$libinit$$00000015) for __rt_lib_init_lc_ctype_1
    libinit.o(.ARM.Collect$$libinit$$00000000) refers (Special) to libinit2.o(.ARM.Collect$$libinit$$00000017) for __rt_lib_init_lc_monetary_1
    libinit.o(.ARM.Collect$$libinit$$00000000) refers (Special) to libinit2.o(.ARM.Collect$$libinit$$00000019) for __rt_lib_init_lc_numeric_1
    libinit.o(.ARM.Collect$$libinit$$00000000) refers (Special) to libinit2.o(.ARM.Collect$$libinit$$0000001B) for __rt_lib_init_lc_time_1
    libinit.o(.ARM.Collect$$libinit$$00000000) refers (Special) to libinit2.o(.ARM.Collect$$libinit$$00000006) for __rt_lib_init_preinit_1
    libinit.o(.ARM.Collect$$libinit$$00000000) refers (Special) to libinit2.o(.ARM.Collect$$libinit$$00000010) for __rt_lib_init_rand_1
    libinit.o(.ARM.Collect$$libinit$$00000000) refers (Special) to libinit2.o(.ARM.Collect$$libinit$$00000004) for __rt_lib_init_relocate_pie_1
    libinit.o(.ARM.Collect$$libinit$$00000000) refers (Special) to libinit2.o(.ARM.Collect$$libinit$$00000035) for __rt_lib_init_return
    libinit.o(.ARM.Collect$$libinit$$00000000) refers (Special) to libinit2.o(.ARM.Collect$$libinit$$0000001F) for __rt_lib_init_signal_1
    libinit.o(.ARM.Collect$$libinit$$00000000) refers (Special) to libinit2.o(.ARM.Collect$$libinit$$00000027) for __rt_lib_init_stdio_1
    libinit.o(.ARM.Collect$$libinit$$00000000) refers (Special) to libinit2.o(.ARM.Collect$$libinit$$0000000E) for __rt_lib_init_user_alloc_1
    libspace.o(.text) refers to libspace.o(.bss) for __libspace_start
    rtexit.o(.ARM.Collect$$rtexit$$00000000) refers (Special) to rtexit2.o(.ARM.Collect$$rtexit$$00000004) for __rt_exit_exit
    rtexit.o(.ARM.Collect$$rtexit$$00000000) refers (Special) to rtexit2.o(.ARM.Collect$$rtexit$$00000003) for __rt_exit_ls
    rtexit.o(.ARM.Collect$$rtexit$$00000000) refers (Special) to rtexit2.o(.ARM.Collect$$rtexit$$00000002) for __rt_exit_prels_1
    rtexit.o(.ARM.exidx) refers (Special) to rtexit2.o(.ARM.Collect$$rtexit$$00000004) for __rt_exit_exit
    rtexit.o(.ARM.exidx) refers (Special) to rtexit2.o(.ARM.Collect$$rtexit$$00000003) for __rt_exit_ls
    rtexit.o(.ARM.exidx) refers (Special) to rtexit2.o(.ARM.Collect$$rtexit$$00000002) for __rt_exit_prels_1
    rtexit.o(.ARM.exidx) refers to rtexit.o(.ARM.Collect$$rtexit$$00000000) for .ARM.Collect$$rtexit$$00000000
    rt_raise.o(.text) refers to __raise.o(.text) for __raise
    rt_raise.o(.text) refers to sys_exit.o(.text) for _sys_exit
    defsig_exit.o(.text) refers to sys_exit.o(.text) for _sys_exit
    defsig_fpe_inner.o(.text) refers to defsig_general.o(.text) for __default_signal_display
    libinit2.o(.ARM.Collect$$libinit$$00000001) refers to fpinit.o(x$fpl$fpinit) for _fp_init
    libinit2.o(.ARM.Collect$$libinit$$00000012) refers to libinit2.o(.ARM.Collect$$libinit$$00000011) for .ARM.Collect$$libinit$$00000011
    libinit2.o(.ARM.Collect$$libinit$$00000014) refers to libinit2.o(.ARM.Collect$$libinit$$00000011) for .ARM.Collect$$libinit$$00000011
    libinit2.o(.ARM.Collect$$libinit$$00000016) refers to libinit2.o(.ARM.Collect$$libinit$$00000011) for .ARM.Collect$$libinit$$00000011
    libinit2.o(.ARM.Collect$$libinit$$00000018) refers to libinit2.o(.ARM.Collect$$libinit$$00000011) for .ARM.Collect$$libinit$$00000011
    libinit2.o(.ARM.Collect$$libinit$$0000001A) refers to libinit2.o(.ARM.Collect$$libinit$$00000011) for .ARM.Collect$$libinit$$00000011
    libinit2.o(.ARM.Collect$$libinit$$00000028) refers to argv_veneer.o(.emb_text) for __ARM_argv_veneer
    libinit2.o(.ARM.Collect$$libinit$$00000029) refers to argv_veneer.o(.emb_text) for __ARM_argv_veneer
    sys_exit.o(.text) refers (Special) to use_no_semi.o(.text) for __I$use$semihosting
    sys_exit.o(.text) refers (Special) to indicate_semi.o(.text) for __semihosting_library_function
    sys_exit_hlt.o(.text) refers (Special) to use_no_semi.o(.text) for __I$use$semihosting
    sys_exit_hlt.o(.text) refers (Special) to indicate_semi.o(.text) for __semihosting_library_function
    rtexit2.o(.ARM.Collect$$rtexit$$00000003) refers to libshutdown.o(.ARM.Collect$$libshutdown$$00000000) for __rt_lib_shutdown
    rtexit2.o(.ARM.Collect$$rtexit$$00000004) refers to sys_exit.o(.text) for _sys_exit
    rtexit2.o(.ARM.exidx) refers to rtexit2.o(.ARM.Collect$$rtexit$$00000001) for .ARM.Collect$$rtexit$$00000001
    rtexit2.o(.ARM.exidx) refers to rtexit2.o(.ARM.Collect$$rtexit$$00000003) for .ARM.Collect$$rtexit$$00000003
    rtexit2.o(.ARM.exidx) refers to rtexit2.o(.ARM.Collect$$rtexit$$00000004) for .ARM.Collect$$rtexit$$00000004
    __raise.o(.text) refers to defsig.o(CL$$defsig) for __default_signal_handler
    defsig_general.o(.text) refers to sys_wrch.o(.text) for _ttywrch
    argv_veneer.o(.emb_text) refers to no_argv.o(.text) for __ARM_get_argv
    sys_wrch.o(.text) refers (Special) to use_no_semi.o(.text) for __I$use$semihosting
    sys_wrch.o(.text) refers (Special) to indicate_semi.o(.text) for __semihosting_library_function
    sys_wrch_hlt.o(.text) refers (Special) to use_no_semi.o(.text) for __I$use$semihosting
    sys_wrch_hlt.o(.text) refers (Special) to indicate_semi.o(.text) for __semihosting_library_function
    defsig.o(CL$$defsig) refers to defsig_fpe_inner.o(.text) for __rt_SIGFPE_inner
    defsig.o(CL$$defsig) refers to defsig_rtmem_inner.o(.text) for __rt_SIGRTMEM_inner
    _get_argv_nomalloc.o(.text) refers (Special) to hrguard.o(.text) for __heap_region$guard
    _get_argv_nomalloc.o(.text) refers to defsig_rtmem_outer.o(.text) for __rt_SIGRTMEM
    _get_argv_nomalloc.o(.text) refers to sys_command.o(.text) for _sys_command_string
    libshutdown.o(.ARM.Collect$$libshutdown$$00000000) refers (Special) to libshutdown2.o(.ARM.Collect$$libshutdown$$00000002) for __rt_lib_shutdown_cpp_1
    libshutdown.o(.ARM.Collect$$libshutdown$$00000000) refers (Special) to libshutdown2.o(.ARM.Collect$$libshutdown$$00000007) for __rt_lib_shutdown_fp_trap_1
    libshutdown.o(.ARM.Collect$$libshutdown$$00000000) refers (Special) to libshutdown2.o(.ARM.Collect$$libshutdown$$0000000F) for __rt_lib_shutdown_heap_1
    libshutdown.o(.ARM.Collect$$libshutdown$$00000000) refers (Special) to libshutdown2.o(.ARM.Collect$$libshutdown$$00000010) for __rt_lib_shutdown_return
    libshutdown.o(.ARM.Collect$$libshutdown$$00000000) refers (Special) to libshutdown2.o(.ARM.Collect$$libshutdown$$0000000A) for __rt_lib_shutdown_signal_1
    libshutdown.o(.ARM.Collect$$libshutdown$$00000000) refers (Special) to libshutdown2.o(.ARM.Collect$$libshutdown$$00000004) for __rt_lib_shutdown_stdio_1
    libshutdown.o(.ARM.Collect$$libshutdown$$00000000) refers (Special) to libshutdown2.o(.ARM.Collect$$libshutdown$$0000000C) for __rt_lib_shutdown_user_alloc_1
    sys_command.o(.text) refers (Special) to use_no_semi.o(.text) for __I$use$semihosting
    sys_command.o(.text) refers (Special) to indicate_semi.o(.text) for __semihosting_library_function
    sys_command_hlt.o(.text) refers (Special) to use_no_semi.o(.text) for __I$use$semihosting
    sys_command_hlt.o(.text) refers (Special) to indicate_semi.o(.text) for __semihosting_library_function
    defsig_abrt_inner.o(.text) refers to defsig_general.o(.text) for __default_signal_display
    defsig_rtred_inner.o(.text) refers to defsig_general.o(.text) for __default_signal_display
    defsig_rtmem_inner.o(.text) refers to defsig_general.o(.text) for __default_signal_display
    defsig_rtmem_outer.o(.text) refers to defsig_rtmem_inner.o(.text) for __rt_SIGRTMEM_inner
    defsig_rtmem_outer.o(.text) refers to defsig_exit.o(.text) for __sig_exit
    defsig_rtmem_formal.o(.text) refers to rt_raise.o(.text) for __rt_raise
    defsig_stak_inner.o(.text) refers to defsig_general.o(.text) for __default_signal_display
    defsig_pvfn_inner.o(.text) refers to defsig_general.o(.text) for __default_signal_display
    defsig_cppl_inner.o(.text) refers to defsig_general.o(.text) for __default_signal_display
    defsig_segv_inner.o(.text) refers to defsig_general.o(.text) for __default_signal_display
    defsig_other.o(.text) refers to defsig_general.o(.text) for __default_signal_display


==============================================================================

Removing Unused input sections from the image.

    Removing main.o(.text), (0 bytes).
    Removing main.o(.ARM.exidx.text.main), (8 bytes).
    Removing main.o(.ARM.exidx.text.Init), (8 bytes).
    Removing main.o(.ARM.exidx.text.SystemClock_Config), (8 bytes).
    Removing main.o(.text.BootInit), (632 bytes).
    Removing main.o(.ARM.exidx.text.BootInit), (8 bytes).
    Removing main.o(.text.BootLoader), (4 bytes).
    Removing main.o(.ARM.exidx.text.BootLoader), (8 bytes).
    Removing main.o(.ARM.exidx.text.TIM7_IRQHandler), (8 bytes).
    Removing main.o(.ARM.exidx.text.DeInit), (8 bytes).
    Removing main.o(.ARM.exidx.text.StartProgram), (8 bytes).
    Removing main.o(.ARM.exidx.text.Debug_Led_boot_run), (8 bytes).
    Removing main.o(.ARM.exidx.text.Debug_Led_app_run), (8 bytes).
    Removing main.o(.text.Error_Handler), (10 bytes).
    Removing main.o(.ARM.exidx.text.Error_Handler), (8 bytes).
    Removing main.o(.bss.rx_data_buf), (256 bytes).
    Removing main.o(.bss.tx_data_buf), (252 bytes).
    Removing main.o(.bss.dif), (4 bytes).
    Removing main.o(.rodata.BootInit.boot_tx), (4 bytes).
    Removing main.o(.ARM.use_no_argv), (4 bytes).
    Removing stm32g4xx_it.o(.text), (0 bytes).
    Removing stm32g4xx_it.o(.ARM.exidx.text.NMI_Handler), (8 bytes).
    Removing stm32g4xx_it.o(.ARM.exidx.text.HardFault_Handler), (8 bytes).
    Removing stm32g4xx_it.o(.ARM.exidx.text.MemManage_Handler), (8 bytes).
    Removing stm32g4xx_it.o(.ARM.exidx.text.BusFault_Handler), (8 bytes).
    Removing stm32g4xx_it.o(.ARM.exidx.text.UsageFault_Handler), (8 bytes).
    Removing stm32g4xx_it.o(.ARM.exidx.text.SVC_Handler), (8 bytes).
    Removing stm32g4xx_it.o(.ARM.exidx.text.DebugMon_Handler), (8 bytes).
    Removing stm32g4xx_it.o(.ARM.exidx.text.PendSV_Handler), (8 bytes).
    Removing crc_calc.o(.text), (0 bytes).
    Removing crc_calc.o(.ARM.exidx.text.CalculateCRCCircularBuffer), (8 bytes).
    Removing crc_calc.o(.ARM.exidx.text.CalculateCRC), (8 bytes).
    Removing init_peripherial.o(.text), (0 bytes).
    Removing init_peripherial.o(.ARM.exidx.text.GPIO_Init), (8 bytes).
    Removing init_peripherial.o(.ARM.exidx.text.DMA_Init), (8 bytes).
    Removing init_peripherial.o(.ARM.exidx.text.LPUART1_UART_Init), (8 bytes).
    Removing init_peripherial.o(.ARM.exidx.text.TIM7_Init), (8 bytes).
    Removing init_peripherial.o(.text.TIM7_Update_Interrupt), (52 bytes).
    Removing init_peripherial.o(.ARM.exidx.text.TIM7_Update_Interrupt), (8 bytes).
    Removing init_peripherial.o(.ARM.exidx.text.DeInit_GPIO), (8 bytes).
    Removing init_peripherial.o(.ARM.exidx.text.DeInit_DMA), (8 bytes).
    Removing init_peripherial.o(.ARM.exidx.text.DeInit_LPUART1), (8 bytes).
    Removing init_peripherial.o(.ARM.exidx.text.DeInit_TIM7), (8 bytes).
    Removing uart.o(.text), (0 bytes).
    Removing uart.o(.ARM.exidx.text.UART_Config), (8 bytes).
    Removing uart.o(.text.EnqueueCommand), (106 bytes).
    Removing uart.o(.ARM.exidx.text.EnqueueCommand), (8 bytes).
    Removing uart.o(.ARM.exidx.text.UART_StateMachine), (8 bytes).
    Removing uart.o(.ARM.exidx.text.UART_Transmit), (8 bytes).
    Removing uart.o(.ARM.exidx.text.UART_StateMachine2), (8 bytes).
    Removing uart.o(.bss.queue_write_cnt), (1 bytes).
    Removing uart.o(.rodata.timer_period_us), (4 bytes).
    Removing stm32g4xx_ll_utils.o(.text), (0 bytes).
    Removing stm32g4xx_ll_utils.o(.ARM.exidx.text.LL_Init1msTick), (8 bytes).
    Removing stm32g4xx_ll_utils.o(.text.LL_mDelay), (40 bytes).
    Removing stm32g4xx_ll_utils.o(.ARM.exidx.text.LL_mDelay), (8 bytes).
    Removing stm32g4xx_ll_utils.o(.ARM.exidx.text.LL_SetSystemCoreClock), (8 bytes).
    Removing stm32g4xx_ll_utils.o(.text.LL_SetFlashLatency), (246 bytes).
    Removing stm32g4xx_ll_utils.o(.ARM.exidx.text.LL_SetFlashLatency), (8 bytes).
    Removing stm32g4xx_ll_utils.o(.text.LL_PLL_ConfigSystemClock_HSI), (190 bytes).
    Removing stm32g4xx_ll_utils.o(.ARM.exidx.text.LL_PLL_ConfigSystemClock_HSI), (8 bytes).
    Removing stm32g4xx_ll_utils.o(.text.UTILS_EnablePLLAndSwitchSystem), (164 bytes).
    Removing stm32g4xx_ll_utils.o(.ARM.exidx.text.UTILS_EnablePLLAndSwitchSystem), (8 bytes).
    Removing stm32g4xx_ll_utils.o(.text.LL_PLL_ConfigSystemClock_HSE), (212 bytes).
    Removing stm32g4xx_ll_utils.o(.ARM.exidx.text.LL_PLL_ConfigSystemClock_HSE), (8 bytes).
    Removing stm32g4xx_ll_exti.o(.text), (0 bytes).
    Removing stm32g4xx_ll_exti.o(.text.LL_EXTI_DeInit), (56 bytes).
    Removing stm32g4xx_ll_exti.o(.ARM.exidx.text.LL_EXTI_DeInit), (8 bytes).
    Removing stm32g4xx_ll_exti.o(.text.LL_EXTI_Init), (364 bytes).
    Removing stm32g4xx_ll_exti.o(.ARM.exidx.text.LL_EXTI_Init), (8 bytes).
    Removing stm32g4xx_ll_exti.o(.text.LL_EXTI_StructInit), (14 bytes).
    Removing stm32g4xx_ll_exti.o(.ARM.exidx.text.LL_EXTI_StructInit), (8 bytes).
    Removing stm32g4xx_ll_gpio.o(.text), (0 bytes).
    Removing stm32g4xx_ll_gpio.o(.text.LL_GPIO_DeInit), (112 bytes).
    Removing stm32g4xx_ll_gpio.o(.ARM.exidx.text.LL_GPIO_DeInit), (8 bytes).
    Removing stm32g4xx_ll_gpio.o(.ARM.exidx.text.LL_GPIO_Init), (8 bytes).
    Removing stm32g4xx_ll_gpio.o(.text.LL_GPIO_StructInit), (20 bytes).
    Removing stm32g4xx_ll_gpio.o(.ARM.exidx.text.LL_GPIO_StructInit), (8 bytes).
    Removing stm32g4xx_ll_adc.o(.text), (0 bytes).
    Removing stm32g4xx_ll_adc.o(.text.LL_ADC_CommonDeInit), (40 bytes).
    Removing stm32g4xx_ll_adc.o(.ARM.exidx.text.LL_ADC_CommonDeInit), (8 bytes).
    Removing stm32g4xx_ll_adc.o(.text.LL_ADC_CommonInit), (72 bytes).
    Removing stm32g4xx_ll_adc.o(.ARM.exidx.text.LL_ADC_CommonInit), (8 bytes).
    Removing stm32g4xx_ll_adc.o(.text.LL_ADC_CommonStructInit), (16 bytes).
    Removing stm32g4xx_ll_adc.o(.ARM.exidx.text.LL_ADC_CommonStructInit), (8 bytes).
    Removing stm32g4xx_ll_adc.o(.text.LL_ADC_DeInit), (452 bytes).
    Removing stm32g4xx_ll_adc.o(.ARM.exidx.text.LL_ADC_DeInit), (8 bytes).
    Removing stm32g4xx_ll_adc.o(.text.LL_ADC_Init), (40 bytes).
    Removing stm32g4xx_ll_adc.o(.ARM.exidx.text.LL_ADC_Init), (8 bytes).
    Removing stm32g4xx_ll_adc.o(.text.LL_ADC_StructInit), (10 bytes).
    Removing stm32g4xx_ll_adc.o(.ARM.exidx.text.LL_ADC_StructInit), (8 bytes).
    Removing stm32g4xx_ll_adc.o(.text.LL_ADC_REG_Init), (80 bytes).
    Removing stm32g4xx_ll_adc.o(.ARM.exidx.text.LL_ADC_REG_Init), (8 bytes).
    Removing stm32g4xx_ll_adc.o(.text.LL_ADC_REG_StructInit), (18 bytes).
    Removing stm32g4xx_ll_adc.o(.ARM.exidx.text.LL_ADC_REG_StructInit), (8 bytes).
    Removing stm32g4xx_ll_adc.o(.text.LL_ADC_INJ_Init), (68 bytes).
    Removing stm32g4xx_ll_adc.o(.ARM.exidx.text.LL_ADC_INJ_Init), (8 bytes).
    Removing stm32g4xx_ll_adc.o(.text.LL_ADC_INJ_StructInit), (12 bytes).
    Removing stm32g4xx_ll_adc.o(.ARM.exidx.text.LL_ADC_INJ_StructInit), (8 bytes).
    Removing stm32g4xx_ll_dma.o(.text), (0 bytes).
    Removing stm32g4xx_ll_dma.o(.ARM.exidx.text.LL_DMA_DeInit), (8 bytes).
    Removing stm32g4xx_ll_dma.o(.text.LL_DMA_Init), (132 bytes).
    Removing stm32g4xx_ll_dma.o(.ARM.exidx.text.LL_DMA_Init), (8 bytes).
    Removing stm32g4xx_ll_dma.o(.text.LL_DMA_StructInit), (10 bytes).
    Removing stm32g4xx_ll_dma.o(.ARM.exidx.text.LL_DMA_StructInit), (8 bytes).
    Removing stm32g4xx_ll_lpuart.o(.text), (0 bytes).
    Removing stm32g4xx_ll_lpuart.o(.ARM.exidx.text.LL_LPUART_DeInit), (8 bytes).
    Removing stm32g4xx_ll_lpuart.o(.ARM.exidx.text.LL_LPUART_Init), (8 bytes).
    Removing stm32g4xx_ll_lpuart.o(.text.LL_LPUART_StructInit), (24 bytes).
    Removing stm32g4xx_ll_lpuart.o(.ARM.exidx.text.LL_LPUART_StructInit), (8 bytes).
    Removing stm32g4xx_ll_rcc.o(.text), (0 bytes).
    Removing stm32g4xx_ll_rcc.o(.text.LL_RCC_DeInit), (94 bytes).
    Removing stm32g4xx_ll_rcc.o(.ARM.exidx.text.LL_RCC_DeInit), (8 bytes).
    Removing stm32g4xx_ll_rcc.o(.text.LL_RCC_GetSystemClocksFreq), (86 bytes).
    Removing stm32g4xx_ll_rcc.o(.ARM.exidx.text.LL_RCC_GetSystemClocksFreq), (8 bytes).
    Removing stm32g4xx_ll_rcc.o(.ARM.exidx.text.RCC_GetSystemClockFreq), (8 bytes).
    Removing stm32g4xx_ll_rcc.o(.text.LL_RCC_GetUSARTClockFreq), (232 bytes).
    Removing stm32g4xx_ll_rcc.o(.ARM.exidx.text.LL_RCC_GetUSARTClockFreq), (8 bytes).
    Removing stm32g4xx_ll_rcc.o(.text.LL_RCC_GetUARTClockFreq), (128 bytes).
    Removing stm32g4xx_ll_rcc.o(.ARM.exidx.text.LL_RCC_GetUARTClockFreq), (8 bytes).
    Removing stm32g4xx_ll_rcc.o(.text.LL_RCC_GetI2CClockFreq), (234 bytes).
    Removing stm32g4xx_ll_rcc.o(.ARM.exidx.text.LL_RCC_GetI2CClockFreq), (8 bytes).
    Removing stm32g4xx_ll_rcc.o(.ARM.exidx.text.LL_RCC_GetLPUARTClockFreq), (8 bytes).
    Removing stm32g4xx_ll_rcc.o(.text.LL_RCC_GetLPTIMClockFreq), (134 bytes).
    Removing stm32g4xx_ll_rcc.o(.ARM.exidx.text.LL_RCC_GetLPTIMClockFreq), (8 bytes).
    Removing stm32g4xx_ll_rcc.o(.text.LL_RCC_GetSAIClockFreq), (160 bytes).
    Removing stm32g4xx_ll_rcc.o(.ARM.exidx.text.LL_RCC_GetSAIClockFreq), (8 bytes).
    Removing stm32g4xx_ll_rcc.o(.text.LL_RCC_GetI2SClockFreq), (160 bytes).
    Removing stm32g4xx_ll_rcc.o(.ARM.exidx.text.LL_RCC_GetI2SClockFreq), (8 bytes).
    Removing stm32g4xx_ll_rcc.o(.text.LL_RCC_GetFDCANClockFreq), (198 bytes).
    Removing stm32g4xx_ll_rcc.o(.ARM.exidx.text.LL_RCC_GetFDCANClockFreq), (8 bytes).
    Removing stm32g4xx_ll_rcc.o(.text.LL_RCC_GetRNGClockFreq), (142 bytes).
    Removing stm32g4xx_ll_rcc.o(.ARM.exidx.text.LL_RCC_GetRNGClockFreq), (8 bytes).
    Removing stm32g4xx_ll_rcc.o(.text.LL_RCC_GetUSBClockFreq), (142 bytes).
    Removing stm32g4xx_ll_rcc.o(.ARM.exidx.text.LL_RCC_GetUSBClockFreq), (8 bytes).
    Removing stm32g4xx_ll_rcc.o(.text.LL_RCC_GetADCClockFreq), (170 bytes).
    Removing stm32g4xx_ll_rcc.o(.ARM.exidx.text.LL_RCC_GetADCClockFreq), (8 bytes).
    Removing stm32g4xx_ll_pwr.o(.text), (0 bytes).
    Removing stm32g4xx_ll_pwr.o(.text.LL_PWR_DeInit), (28 bytes).
    Removing stm32g4xx_ll_pwr.o(.ARM.exidx.text.LL_PWR_DeInit), (8 bytes).
    Removing stm32g4xx_ll_tim.o(.text), (0 bytes).
    Removing stm32g4xx_ll_tim.o(.ARM.exidx.text.LL_TIM_DeInit), (8 bytes).
    Removing stm32g4xx_ll_tim.o(.text.LL_TIM_StructInit), (18 bytes).
    Removing stm32g4xx_ll_tim.o(.ARM.exidx.text.LL_TIM_StructInit), (8 bytes).
    Removing stm32g4xx_ll_tim.o(.text.LL_TIM_Init), (242 bytes).
    Removing stm32g4xx_ll_tim.o(.ARM.exidx.text.LL_TIM_Init), (8 bytes).
    Removing stm32g4xx_ll_tim.o(.text.LL_TIM_OC_StructInit), (10 bytes).
    Removing stm32g4xx_ll_tim.o(.ARM.exidx.text.LL_TIM_OC_StructInit), (8 bytes).
    Removing stm32g4xx_ll_tim.o(.text.LL_TIM_OC_Init), (840 bytes).
    Removing stm32g4xx_ll_tim.o(.ARM.exidx.text.LL_TIM_OC_Init), (8 bytes).
    Removing stm32g4xx_ll_tim.o(.text.LL_TIM_IC_StructInit), (16 bytes).
    Removing stm32g4xx_ll_tim.o(.ARM.exidx.text.LL_TIM_IC_StructInit), (8 bytes).
    Removing stm32g4xx_ll_tim.o(.text.LL_TIM_IC_Init), (228 bytes).
    Removing stm32g4xx_ll_tim.o(.ARM.exidx.text.LL_TIM_IC_Init), (8 bytes).
    Removing stm32g4xx_ll_tim.o(.text.LL_TIM_ENCODER_StructInit), (26 bytes).
    Removing stm32g4xx_ll_tim.o(.ARM.exidx.text.LL_TIM_ENCODER_StructInit), (8 bytes).
    Removing stm32g4xx_ll_tim.o(.text.LL_TIM_ENCODER_Init), (106 bytes).
    Removing stm32g4xx_ll_tim.o(.ARM.exidx.text.LL_TIM_ENCODER_Init), (8 bytes).
    Removing stm32g4xx_ll_tim.o(.text.LL_TIM_HALLSENSOR_StructInit), (12 bytes).
    Removing stm32g4xx_ll_tim.o(.ARM.exidx.text.LL_TIM_HALLSENSOR_StructInit), (8 bytes).
    Removing stm32g4xx_ll_tim.o(.text.LL_TIM_HALLSENSOR_Init), (98 bytes).
    Removing stm32g4xx_ll_tim.o(.ARM.exidx.text.LL_TIM_HALLSENSOR_Init), (8 bytes).
    Removing stm32g4xx_ll_tim.o(.text.LL_TIM_BDTR_StructInit), (26 bytes).
    Removing stm32g4xx_ll_tim.o(.ARM.exidx.text.LL_TIM_BDTR_StructInit), (8 bytes).
    Removing stm32g4xx_ll_tim.o(.text.LL_TIM_BDTR_Init), (156 bytes).
    Removing stm32g4xx_ll_tim.o(.ARM.exidx.text.LL_TIM_BDTR_Init), (8 bytes).
    Removing system_stm32g4xx.o(.text), (0 bytes).
    Removing system_stm32g4xx.o(.ARM.exidx.text.SystemInit), (8 bytes).
    Removing system_stm32g4xx.o(.text.SystemCoreClockUpdate), (150 bytes).
    Removing system_stm32g4xx.o(.ARM.exidx.text.SystemCoreClockUpdate), (8 bytes).

170 unused section(s) (total 8309 bytes) removed from the image.

==============================================================================

Image Symbol Table

    Local Symbols

    Symbol Name                              Value     Ov Type        Size  Object(Section)

    ../clib/angel/boardlib.s                 0x00000000   Number         0  boardinit1.o ABSOLUTE
    ../clib/angel/boardlib.s                 0x00000000   Number         0  boardinit2.o ABSOLUTE
    ../clib/angel/boardlib.s                 0x00000000   Number         0  boardinit3.o ABSOLUTE
    ../clib/angel/boardlib.s                 0x00000000   Number         0  boardshut.o ABSOLUTE
    ../clib/angel/handlers.s                 0x00000000   Number         0  __scatter_copy.o ABSOLUTE
    ../clib/angel/handlers.s                 0x00000000   Number         0  __scatter_zi.o ABSOLUTE
    ../clib/angel/kernel.s                   0x00000000   Number         0  __rtentry.o ABSOLUTE
    ../clib/angel/kernel.s                   0x00000000   Number         0  __rtentry2.o ABSOLUTE
    ../clib/angel/kernel.s                   0x00000000   Number         0  __rtentry4.o ABSOLUTE
    ../clib/angel/kernel.s                   0x00000000   Number         0  rtexit.o ABSOLUTE
    ../clib/angel/kernel.s                   0x00000000   Number         0  rtexit2.o ABSOLUTE
    ../clib/angel/rt.s                       0x00000000   Number         0  aeabi_ldiv0.o ABSOLUTE
    ../clib/angel/rt.s                       0x00000000   Number         0  aeabi_ldiv0_sigfpe.o ABSOLUTE
    ../clib/angel/rt.s                       0x00000000   Number         0  rt_div0.o ABSOLUTE
    ../clib/angel/rt.s                       0x00000000   Number         0  rt_raise.o ABSOLUTE
    ../clib/angel/scatter.s                  0x00000000   Number         0  __scatter.o ABSOLUTE
    ../clib/angel/startup.s                  0x00000000   Number         0  __main.o ABSOLUTE
    ../clib/angel/sys.s                      0x00000000   Number         0  sys_stackheap_outer.o ABSOLUTE
    ../clib/angel/sys.s                      0x00000000   Number         0  libspace.o ABSOLUTE
    ../clib/angel/sys.s                      0x00000000   Number         0  use_no_semi.o ABSOLUTE
    ../clib/angel/sys.s                      0x00000000   Number         0  indicate_semi.o ABSOLUTE
    ../clib/angel/sysapp.c                   0x00000000   Number         0  sys_exit.o ABSOLUTE
    ../clib/angel/sysapp.c                   0x00000000   Number         0  sys_exit_hlt.o ABSOLUTE
    ../clib/angel/sysapp.c                   0x00000000   Number         0  sys_wrch.o ABSOLUTE
    ../clib/angel/sysapp.c                   0x00000000   Number         0  sys_wrch_hlt.o ABSOLUTE
    ../clib/angel/sysapp.c                   0x00000000   Number         0  sys_command.o ABSOLUTE
    ../clib/angel/sysapp.c                   0x00000000   Number         0  sys_command_hlt.o ABSOLUTE
    ../clib/armsys.c                         0x00000000   Number         0  argv_veneer.o ABSOLUTE
    ../clib/armsys.c                         0x00000000   Number         0  argv_veneer.o ABSOLUTE
    ../clib/armsys.c                         0x00000000   Number         0  _get_argv_nomalloc.o ABSOLUTE
    ../clib/armsys.c                         0x00000000   Number         0  no_argv.o ABSOLUTE
    ../clib/heapalloc.c                      0x00000000   Number         0  hrguard.o ABSOLUTE
    ../clib/heapaux.c                        0x00000000   Number         0  heapauxi.o ABSOLUTE
    ../clib/libinit.s                        0x00000000   Number         0  libinit.o ABSOLUTE
    ../clib/libinit.s                        0x00000000   Number         0  libinit2.o ABSOLUTE
    ../clib/libinit.s                        0x00000000   Number         0  libshutdown.o ABSOLUTE
    ../clib/libinit.s                        0x00000000   Number         0  libshutdown2.o ABSOLUTE
    ../clib/longlong.s                       0x00000000   Number         0  lludivv7m.o ABSOLUTE
    ../clib/memcpset.s                       0x00000000   Number         0  rt_memcpy_v6.o ABSOLUTE
    ../clib/memcpset.s                       0x00000000   Number         0  rt_memclr.o ABSOLUTE
    ../clib/memcpset.s                       0x00000000   Number         0  rt_memclr_w.o ABSOLUTE
    ../clib/memcpset.s                       0x00000000   Number         0  rt_memcpy_w.o ABSOLUTE
    ../clib/signal.c                         0x00000000   Number         0  defsig_fpe_outer.o ABSOLUTE
    ../clib/signal.c                         0x00000000   Number         0  defsig_fpe_formal.o ABSOLUTE
    ../clib/signal.c                         0x00000000   Number         0  defsig_exit.o ABSOLUTE
    ../clib/signal.c                         0x00000000   Number         0  defsig_fpe_inner.o ABSOLUTE
    ../clib/signal.c                         0x00000000   Number         0  __raise.o ABSOLUTE
    ../clib/signal.c                         0x00000000   Number         0  defsig_general.o ABSOLUTE
    ../clib/signal.c                         0x00000000   Number         0  defsig_abrt_inner.o ABSOLUTE
    ../clib/signal.c                         0x00000000   Number         0  defsig_rtred_inner.o ABSOLUTE
    ../clib/signal.c                         0x00000000   Number         0  defsig_rtmem_inner.o ABSOLUTE
    ../clib/signal.c                         0x00000000   Number         0  defsig_rtmem_outer.o ABSOLUTE
    ../clib/signal.c                         0x00000000   Number         0  defsig_rtmem_formal.o ABSOLUTE
    ../clib/signal.c                         0x00000000   Number         0  defsig_stak_inner.o ABSOLUTE
    ../clib/signal.c                         0x00000000   Number         0  defsig_pvfn_inner.o ABSOLUTE
    ../clib/signal.c                         0x00000000   Number         0  defsig_cppl_inner.o ABSOLUTE
    ../clib/signal.c                         0x00000000   Number         0  defsig_segv_inner.o ABSOLUTE
    ../clib/signal.c                         0x00000000   Number         0  defsig_other.o ABSOLUTE
    ../clib/signal.s                         0x00000000   Number         0  defsig.o ABSOLUTE
    ../clib/stdlib.c                         0x00000000   Number         0  exit.o ABSOLUTE
    ../fplib/fpinit.s                        0x00000000   Number         0  fpinit.o ABSOLUTE
    crc_calc.c                               0x00000000   Number         0  crc_calc.o ABSOLUTE
    dc.s                                     0x00000000   Number         0  dc.o ABSOLUTE
    init_peripherial.c                       0x00000000   Number         0  init_peripherial.o ABSOLUTE
    main.c                                   0x00000000   Number         0  main.o ABSOLUTE
    startup_stm32g431xx.s                    0x00000000   Number         0  startup_stm32g431xx.o ABSOLUTE
    stm32g4xx_it.c                           0x00000000   Number         0  stm32g4xx_it.o ABSOLUTE
    stm32g4xx_ll_adc.c                       0x00000000   Number         0  stm32g4xx_ll_adc.o ABSOLUTE
    stm32g4xx_ll_dma.c                       0x00000000   Number         0  stm32g4xx_ll_dma.o ABSOLUTE
    stm32g4xx_ll_exti.c                      0x00000000   Number         0  stm32g4xx_ll_exti.o ABSOLUTE
    stm32g4xx_ll_gpio.c                      0x00000000   Number         0  stm32g4xx_ll_gpio.o ABSOLUTE
    stm32g4xx_ll_lpuart.c                    0x00000000   Number         0  stm32g4xx_ll_lpuart.o ABSOLUTE
    stm32g4xx_ll_pwr.c                       0x00000000   Number         0  stm32g4xx_ll_pwr.o ABSOLUTE
    stm32g4xx_ll_rcc.c                       0x00000000   Number         0  stm32g4xx_ll_rcc.o ABSOLUTE
    stm32g4xx_ll_tim.c                       0x00000000   Number         0  stm32g4xx_ll_tim.o ABSOLUTE
    stm32g4xx_ll_utils.c                     0x00000000   Number         0  stm32g4xx_ll_utils.o ABSOLUTE
    system_stm32g4xx.c                       0x00000000   Number         0  system_stm32g4xx.o ABSOLUTE
    uart.c                                   0x00000000   Number         0  uart.o ABSOLUTE
    RESET                                    0x08000000   Section      472  startup_stm32g431xx.o(RESET)
    !!!main                                  0x080001d8   Section        8  __main.o(!!!main)
    !!!scatter                               0x080001e0   Section       52  __scatter.o(!!!scatter)
    !!handler_copy                           0x08000214   Section       26  __scatter_copy.o(!!handler_copy)
    !!handler_zi                             0x08000230   Section       28  __scatter_zi.o(!!handler_zi)
    .ARM.Collect$$libinit$$00000000          0x0800024c   Section        2  libinit.o(.ARM.Collect$$libinit$$00000000)
    .ARM.Collect$$libinit$$00000001          0x0800024e   Section        4  libinit2.o(.ARM.Collect$$libinit$$00000001)
    .ARM.Collect$$libinit$$00000004          0x08000252   Section        0  libinit2.o(.ARM.Collect$$libinit$$00000004)
    .ARM.Collect$$libinit$$00000006          0x08000252   Section        0  libinit2.o(.ARM.Collect$$libinit$$00000006)
    .ARM.Collect$$libinit$$0000000C          0x08000252   Section        0  libinit2.o(.ARM.Collect$$libinit$$0000000C)
    .ARM.Collect$$libinit$$0000000E          0x08000252   Section        0  libinit2.o(.ARM.Collect$$libinit$$0000000E)
    .ARM.Collect$$libinit$$00000010          0x08000252   Section        0  libinit2.o(.ARM.Collect$$libinit$$00000010)
    .ARM.Collect$$libinit$$00000013          0x08000252   Section        0  libinit2.o(.ARM.Collect$$libinit$$00000013)
    .ARM.Collect$$libinit$$00000015          0x08000252   Section        0  libinit2.o(.ARM.Collect$$libinit$$00000015)
    .ARM.Collect$$libinit$$00000017          0x08000252   Section        0  libinit2.o(.ARM.Collect$$libinit$$00000017)
    .ARM.Collect$$libinit$$00000019          0x08000252   Section        0  libinit2.o(.ARM.Collect$$libinit$$00000019)
    .ARM.Collect$$libinit$$0000001B          0x08000252   Section        0  libinit2.o(.ARM.Collect$$libinit$$0000001B)
    .ARM.Collect$$libinit$$0000001D          0x08000252   Section        0  libinit2.o(.ARM.Collect$$libinit$$0000001D)
    .ARM.Collect$$libinit$$0000001F          0x08000252   Section        0  libinit2.o(.ARM.Collect$$libinit$$0000001F)
    .ARM.Collect$$libinit$$00000021          0x08000252   Section        0  libinit2.o(.ARM.Collect$$libinit$$00000021)
    .ARM.Collect$$libinit$$00000023          0x08000252   Section        0  libinit2.o(.ARM.Collect$$libinit$$00000023)
    .ARM.Collect$$libinit$$00000025          0x08000252   Section        0  libinit2.o(.ARM.Collect$$libinit$$00000025)
    .ARM.Collect$$libinit$$00000027          0x08000252   Section        0  libinit2.o(.ARM.Collect$$libinit$$00000027)
    .ARM.Collect$$libinit$$0000002E          0x08000252   Section        0  libinit2.o(.ARM.Collect$$libinit$$0000002E)
    .ARM.Collect$$libinit$$00000030          0x08000252   Section        0  libinit2.o(.ARM.Collect$$libinit$$00000030)
    .ARM.Collect$$libinit$$00000032          0x08000252   Section        0  libinit2.o(.ARM.Collect$$libinit$$00000032)
    .ARM.Collect$$libinit$$00000034          0x08000252   Section        0  libinit2.o(.ARM.Collect$$libinit$$00000034)
    .ARM.Collect$$libinit$$00000035          0x08000252   Section        2  libinit2.o(.ARM.Collect$$libinit$$00000035)
    .ARM.Collect$$libshutdown$$00000000      0x08000254   Section        2  libshutdown.o(.ARM.Collect$$libshutdown$$00000000)
    .ARM.Collect$$libshutdown$$00000002      0x08000256   Section        0  libshutdown2.o(.ARM.Collect$$libshutdown$$00000002)
    .ARM.Collect$$libshutdown$$00000004      0x08000256   Section        0  libshutdown2.o(.ARM.Collect$$libshutdown$$00000004)
    .ARM.Collect$$libshutdown$$00000007      0x08000256   Section        0  libshutdown2.o(.ARM.Collect$$libshutdown$$00000007)
    .ARM.Collect$$libshutdown$$0000000A      0x08000256   Section        0  libshutdown2.o(.ARM.Collect$$libshutdown$$0000000A)
    .ARM.Collect$$libshutdown$$0000000C      0x08000256   Section        0  libshutdown2.o(.ARM.Collect$$libshutdown$$0000000C)
    .ARM.Collect$$libshutdown$$0000000F      0x08000256   Section        0  libshutdown2.o(.ARM.Collect$$libshutdown$$0000000F)
    .ARM.Collect$$libshutdown$$00000010      0x08000256   Section        2  libshutdown2.o(.ARM.Collect$$libshutdown$$00000010)
    .ARM.Collect$$rtentry$$00000000          0x08000258   Section        0  __rtentry.o(.ARM.Collect$$rtentry$$00000000)
    .ARM.Collect$$rtentry$$00000002          0x08000258   Section        0  __rtentry2.o(.ARM.Collect$$rtentry$$00000002)
    .ARM.Collect$$rtentry$$00000004          0x08000258   Section        6  __rtentry4.o(.ARM.Collect$$rtentry$$00000004)
    .ARM.Collect$$rtentry$$00000009          0x0800025e   Section        0  __rtentry2.o(.ARM.Collect$$rtentry$$00000009)
    .ARM.Collect$$rtentry$$0000000A          0x0800025e   Section        4  __rtentry2.o(.ARM.Collect$$rtentry$$0000000A)
    .ARM.Collect$$rtentry$$0000000C          0x08000262   Section        0  __rtentry2.o(.ARM.Collect$$rtentry$$0000000C)
    .ARM.Collect$$rtentry$$0000000D          0x08000262   Section        8  __rtentry2.o(.ARM.Collect$$rtentry$$0000000D)
    .ARM.Collect$$rtexit$$00000000           0x0800026a   Section        2  rtexit.o(.ARM.Collect$$rtexit$$00000000)
    .ARM.Collect$$rtexit$$00000002           0x0800026c   Section        0  rtexit2.o(.ARM.Collect$$rtexit$$00000002)
    .ARM.Collect$$rtexit$$00000003           0x0800026c   Section        4  rtexit2.o(.ARM.Collect$$rtexit$$00000003)
    .ARM.Collect$$rtexit$$00000004           0x08000270   Section        6  rtexit2.o(.ARM.Collect$$rtexit$$00000004)
    $v0                                      0x08000278   Number         0  startup_stm32g431xx.o(.text)
    .text                                    0x08000278   Section       64  startup_stm32g431xx.o(.text)
    .text                                    0x080002b8   Section      240  lludivv7m.o(.text)
    .text                                    0x080003a8   Section      138  rt_memcpy_v6.o(.text)
    .text                                    0x08000432   Section       78  rt_memclr_w.o(.text)
    .text                                    0x08000480   Section        0  heapauxi.o(.text)
    .text                                    0x08000486   Section      100  rt_memcpy_w.o(.text)
    .text                                    0x080004ea   Section       74  sys_stackheap_outer.o(.text)
    .text                                    0x08000534   Section        0  exit.o(.text)
    .text                                    0x08000548   Section        8  libspace.o(.text)
    .text                                    0x08000550   Section        0  sys_exit.o(.text)
    .text                                    0x0800055c   Section        2  use_no_semi.o(.text)
    .text                                    0x0800055e   Section        0  indicate_semi.o(.text)
    [Anonymous Symbol]                       0x08000560   Section        0  stm32g4xx_it.o(.text.BusFault_Handler)
    [Anonymous Symbol]                       0x08000564   Section        0  crc_calc.o(.text.CalculateCRC)
    [Anonymous Symbol]                       0x08000578   Section        0  crc_calc.o(.text.CalculateCRCCircularBuffer)
    [Anonymous Symbol]                       0x080005ac   Section        0  init_peripherial.o(.text.DMA_Init)
    [Anonymous Symbol]                       0x08000610   Section        0  main.o(.text.DeInit)
    [Anonymous Symbol]                       0x08000626   Section        0  init_peripherial.o(.text.DeInit_DMA)
    [Anonymous Symbol]                       0x0800068c   Section        0  init_peripherial.o(.text.DeInit_GPIO)
    [Anonymous Symbol]                       0x080006f4   Section        0  init_peripherial.o(.text.DeInit_LPUART1)
    [Anonymous Symbol]                       0x0800072c   Section        0  init_peripherial.o(.text.DeInit_TIM7)
    [Anonymous Symbol]                       0x08000772   Section        0  stm32g4xx_it.o(.text.DebugMon_Handler)
    [Anonymous Symbol]                       0x08000774   Section        0  main.o(.text.Debug_Led_app_run)
    [Anonymous Symbol]                       0x080007b8   Section        0  main.o(.text.Debug_Led_boot_run)
    [Anonymous Symbol]                       0x080007fc   Section        0  init_peripherial.o(.text.GPIO_Init)
    [Anonymous Symbol]                       0x080008c8   Section        0  stm32g4xx_it.o(.text.HardFault_Handler)
    [Anonymous Symbol]                       0x080008ca   Section        0  main.o(.text.Init)
    [Anonymous Symbol]                       0x080008e4   Section        0  stm32g4xx_ll_dma.o(.text.LL_DMA_DeInit)
    [Anonymous Symbol]                       0x08000a5c   Section        0  stm32g4xx_ll_gpio.o(.text.LL_GPIO_Init)
    [Anonymous Symbol]                       0x08000b3a   Section        0  stm32g4xx_ll_utils.o(.text.LL_Init1msTick)
    [Anonymous Symbol]                       0x08000b62   Section        0  stm32g4xx_ll_lpuart.o(.text.LL_LPUART_DeInit)
    [Anonymous Symbol]                       0x08000b90   Section        0  stm32g4xx_ll_lpuart.o(.text.LL_LPUART_Init)
    LPUART_PRESCALER_TAB                     0x08000c18   Number         0  stm32g4xx_ll_lpuart.o(.text.LL_LPUART_Init)
    [Anonymous Symbol]                       0x08000c30   Section        0  stm32g4xx_ll_rcc.o(.text.LL_RCC_GetLPUARTClockFreq)
    [Anonymous Symbol]                       0x08000caa   Section        0  stm32g4xx_ll_utils.o(.text.LL_SetSystemCoreClock)
    [Anonymous Symbol]                       0x08000cb6   Section        0  stm32g4xx_ll_tim.o(.text.LL_TIM_DeInit)
    [Anonymous Symbol]                       0x08000e4c   Section        0  init_peripherial.o(.text.LPUART1_UART_Init)
    [Anonymous Symbol]                       0x08000fd0   Section        0  stm32g4xx_it.o(.text.MemManage_Handler)
    [Anonymous Symbol]                       0x08000fd4   Section        0  stm32g4xx_it.o(.text.NMI_Handler)
    [Anonymous Symbol]                       0x08000fd6   Section        0  stm32g4xx_it.o(.text.PendSV_Handler)
    RCC_GetSystemClockFreq                   0x08000fd9   Thumb Code   108  stm32g4xx_ll_rcc.o(.text.RCC_GetSystemClockFreq)
    [Anonymous Symbol]                       0x08000fd8   Section        0  stm32g4xx_ll_rcc.o(.text.RCC_GetSystemClockFreq)
    [Anonymous Symbol]                       0x08001044   Section        0  stm32g4xx_it.o(.text.SVC_Handler)
    [Anonymous Symbol]                       0x08001048   Section        0  main.o(.text.StartProgram)
    [Anonymous Symbol]                       0x08001088   Section        0  main.o(.text.SystemClock_Config)
    [Anonymous Symbol]                       0x0800115a   Section        0  system_stm32g4xx.o(.text.SystemInit)
    [Anonymous Symbol]                       0x0800116c   Section        0  main.o(.text.TIM7_IRQHandler)
    [Anonymous Symbol]                       0x08001186   Section        0  init_peripherial.o(.text.TIM7_Init)
    [Anonymous Symbol]                       0x080011dc   Section        0  uart.o(.text.UART_Config)
    [Anonymous Symbol]                       0x08001248   Section        0  uart.o(.text.UART_StateMachine)
    [Anonymous Symbol]                       0x08001540   Section        0  uart.o(.text.UART_StateMachine2)
    UART_StateMachine2.boot_rx               0x080019a0   Number         0  uart.o(.text.UART_StateMachine2)
    [Anonymous Symbol]                       0x080019a4   Section        0  uart.o(.text.UART_Transmit)
    [Anonymous Symbol]                       0x080019f8   Section        0  stm32g4xx_it.o(.text.UsageFault_Handler)
    [Anonymous Symbol]                       0x080019fa   Section        0  main.o(.text.main)
    $v0                                      0x08001a0c   Number         0  fpinit.o(x$fpl$fpinit)
    x$fpl$fpinit                             0x08001a0c   Section       26  fpinit.o(x$fpl$fpinit)
    .bss                                     0x20000008   Section       96  libspace.o(.bss)
    Heap_Mem                                 0x200016f0   Data         512  startup_stm32g431xx.o(HEAP)
    HEAP                                     0x200016f0   Section      512  startup_stm32g431xx.o(HEAP)
    Stack_Mem                                0x200018f0   Data        1024  startup_stm32g431xx.o(STACK)
    STACK                                    0x200018f0   Section     1024  startup_stm32g431xx.o(STACK)
    __initial_sp                             0x20001cf0   Data           0  startup_stm32g431xx.o(STACK)

    Global Symbols

    Symbol Name                              Value     Ov Type        Size  Object(Section)

    BuildAttributes$$THM_ISAv4$E$P$D$K$B$S$7EM$VFPi3$EXTD16$VFPS$VFMA$PE$A:L22UL41UL21$X:L11$S22US41US21$IEEE1$IW$~IW$USESV6$~STKCKD$USESV7$~SHL$OSPACE$ROPI$EBA8$UX$STANDARDLIB$REQ8$PRES8$EABIv2 0x00000000   Number         0  anon$$obj.o ABSOLUTE
    __ARM_exceptions_init                     - Undefined Weak Reference
    __alloca_initialize                       - Undefined Weak Reference
    __arm_preinit_                            - Undefined Weak Reference
    __arm_relocate_pie_                       - Undefined Weak Reference
    __cpp_initialize__aeabi_                  - Undefined Weak Reference
    __cxa_finalize                            - Undefined Weak Reference
    __rt_locale                               - Undefined Weak Reference
    __sigvec_lookup                           - Undefined Weak Reference
    _atexit_init                              - Undefined Weak Reference
    _call_atexit_fns                          - Undefined Weak Reference
    _clock_init                               - Undefined Weak Reference
    _fp_trap_init                             - Undefined Weak Reference
    _fp_trap_shutdown                         - Undefined Weak Reference
    _get_lc_collate                           - Undefined Weak Reference
    _get_lc_ctype                             - Undefined Weak Reference
    _get_lc_monetary                          - Undefined Weak Reference
    _get_lc_numeric                           - Undefined Weak Reference
    _get_lc_time                              - Undefined Weak Reference
    _getenv_init                              - Undefined Weak Reference
    _handle_redirection                       - Undefined Weak Reference
    _init_alloc                               - Undefined Weak Reference
    _init_user_alloc                          - Undefined Weak Reference
    _initio                                   - Undefined Weak Reference
    _rand_init                                - Undefined Weak Reference
    _signal_finish                            - Undefined Weak Reference
    _signal_init                              - Undefined Weak Reference
    _terminate_alloc                          - Undefined Weak Reference
    _terminate_user_alloc                     - Undefined Weak Reference
    _terminateio                              - Undefined Weak Reference
    __Vectors_Size                           0x000001d8   Number         0  startup_stm32g431xx.o ABSOLUTE
    __Vectors                                0x08000000   Data           4  startup_stm32g431xx.o(RESET)
    __Vectors_End                            0x080001d8   Data           0  startup_stm32g431xx.o(RESET)
    __main                                   0x080001d9   Thumb Code     8  __main.o(!!!main)
    __scatterload                            0x080001e1   Thumb Code     0  __scatter.o(!!!scatter)
    __scatterload_rt2                        0x080001e1   Thumb Code    44  __scatter.o(!!!scatter)
    __scatterload_rt2_thumb_only             0x080001e1   Thumb Code     0  __scatter.o(!!!scatter)
    __scatterload_null                       0x080001ef   Thumb Code     0  __scatter.o(!!!scatter)
    __scatterload_copy                       0x08000215   Thumb Code    26  __scatter_copy.o(!!handler_copy)
    __scatterload_zeroinit                   0x08000231   Thumb Code    28  __scatter_zi.o(!!handler_zi)
    __rt_lib_init                            0x0800024d   Thumb Code     0  libinit.o(.ARM.Collect$$libinit$$00000000)
    __rt_lib_init_fp_1                       0x0800024f   Thumb Code     0  libinit2.o(.ARM.Collect$$libinit$$00000001)
    __rt_lib_init_alloca_1                   0x08000253   Thumb Code     0  libinit2.o(.ARM.Collect$$libinit$$00000030)
    __rt_lib_init_argv_1                     0x08000253   Thumb Code     0  libinit2.o(.ARM.Collect$$libinit$$0000002E)
    __rt_lib_init_atexit_1                   0x08000253   Thumb Code     0  libinit2.o(.ARM.Collect$$libinit$$0000001D)
    __rt_lib_init_clock_1                    0x08000253   Thumb Code     0  libinit2.o(.ARM.Collect$$libinit$$00000023)
    __rt_lib_init_cpp_1                      0x08000253   Thumb Code     0  libinit2.o(.ARM.Collect$$libinit$$00000034)
    __rt_lib_init_exceptions_1               0x08000253   Thumb Code     0  libinit2.o(.ARM.Collect$$libinit$$00000032)
    __rt_lib_init_fp_trap_1                  0x08000253   Thumb Code     0  libinit2.o(.ARM.Collect$$libinit$$00000021)
    __rt_lib_init_getenv_1                   0x08000253   Thumb Code     0  libinit2.o(.ARM.Collect$$libinit$$00000025)
    __rt_lib_init_heap_1                     0x08000253   Thumb Code     0  libinit2.o(.ARM.Collect$$libinit$$0000000C)
    __rt_lib_init_lc_collate_1               0x08000253   Thumb Code     0  libinit2.o(.ARM.Collect$$libinit$$00000013)
    __rt_lib_init_lc_ctype_1                 0x08000253   Thumb Code     0  libinit2.o(.ARM.Collect$$libinit$$00000015)
    __rt_lib_init_lc_monetary_1              0x08000253   Thumb Code     0  libinit2.o(.ARM.Collect$$libinit$$00000017)
    __rt_lib_init_lc_numeric_1               0x08000253   Thumb Code     0  libinit2.o(.ARM.Collect$$libinit$$00000019)
    __rt_lib_init_lc_time_1                  0x08000253   Thumb Code     0  libinit2.o(.ARM.Collect$$libinit$$0000001B)
    __rt_lib_init_preinit_1                  0x08000253   Thumb Code     0  libinit2.o(.ARM.Collect$$libinit$$00000006)
    __rt_lib_init_rand_1                     0x08000253   Thumb Code     0  libinit2.o(.ARM.Collect$$libinit$$00000010)
    __rt_lib_init_relocate_pie_1             0x08000253   Thumb Code     0  libinit2.o(.ARM.Collect$$libinit$$00000004)
    __rt_lib_init_return                     0x08000253   Thumb Code     0  libinit2.o(.ARM.Collect$$libinit$$00000035)
    __rt_lib_init_signal_1                   0x08000253   Thumb Code     0  libinit2.o(.ARM.Collect$$libinit$$0000001F)
    __rt_lib_init_stdio_1                    0x08000253   Thumb Code     0  libinit2.o(.ARM.Collect$$libinit$$00000027)
    __rt_lib_init_user_alloc_1               0x08000253   Thumb Code     0  libinit2.o(.ARM.Collect$$libinit$$0000000E)
    __rt_lib_shutdown                        0x08000255   Thumb Code     0  libshutdown.o(.ARM.Collect$$libshutdown$$00000000)
    __rt_lib_shutdown_cpp_1                  0x08000257   Thumb Code     0  libshutdown2.o(.ARM.Collect$$libshutdown$$00000002)
    __rt_lib_shutdown_fp_trap_1              0x08000257   Thumb Code     0  libshutdown2.o(.ARM.Collect$$libshutdown$$00000007)
    __rt_lib_shutdown_heap_1                 0x08000257   Thumb Code     0  libshutdown2.o(.ARM.Collect$$libshutdown$$0000000F)
    __rt_lib_shutdown_return                 0x08000257   Thumb Code     0  libshutdown2.o(.ARM.Collect$$libshutdown$$00000010)
    __rt_lib_shutdown_signal_1               0x08000257   Thumb Code     0  libshutdown2.o(.ARM.Collect$$libshutdown$$0000000A)
    __rt_lib_shutdown_stdio_1                0x08000257   Thumb Code     0  libshutdown2.o(.ARM.Collect$$libshutdown$$00000004)
    __rt_lib_shutdown_user_alloc_1           0x08000257   Thumb Code     0  libshutdown2.o(.ARM.Collect$$libshutdown$$0000000C)
    __rt_entry                               0x08000259   Thumb Code     0  __rtentry.o(.ARM.Collect$$rtentry$$00000000)
    __rt_entry_presh_1                       0x08000259   Thumb Code     0  __rtentry2.o(.ARM.Collect$$rtentry$$00000002)
    __rt_entry_sh                            0x08000259   Thumb Code     0  __rtentry4.o(.ARM.Collect$$rtentry$$00000004)
    __rt_entry_li                            0x0800025f   Thumb Code     0  __rtentry2.o(.ARM.Collect$$rtentry$$0000000A)
    __rt_entry_postsh_1                      0x0800025f   Thumb Code     0  __rtentry2.o(.ARM.Collect$$rtentry$$00000009)
    __rt_entry_main                          0x08000263   Thumb Code     0  __rtentry2.o(.ARM.Collect$$rtentry$$0000000D)
    __rt_entry_postli_1                      0x08000263   Thumb Code     0  __rtentry2.o(.ARM.Collect$$rtentry$$0000000C)
    __rt_exit                                0x0800026b   Thumb Code     0  rtexit.o(.ARM.Collect$$rtexit$$00000000)
    __rt_exit_ls                             0x0800026d   Thumb Code     0  rtexit2.o(.ARM.Collect$$rtexit$$00000003)
    __rt_exit_prels_1                        0x0800026d   Thumb Code     0  rtexit2.o(.ARM.Collect$$rtexit$$00000002)
    __rt_exit_exit                           0x08000271   Thumb Code     0  rtexit2.o(.ARM.Collect$$rtexit$$00000004)
    Reset_Handler                            0x08000279   Thumb Code     8  startup_stm32g431xx.o(.text)
    SysTick_Handler                          0x08000291   Thumb Code     2  startup_stm32g431xx.o(.text)
    ADC1_2_IRQHandler                        0x08000293   Thumb Code     0  startup_stm32g431xx.o(.text)
    COMP1_2_3_IRQHandler                     0x08000293   Thumb Code     0  startup_stm32g431xx.o(.text)
    COMP4_IRQHandler                         0x08000293   Thumb Code     0  startup_stm32g431xx.o(.text)
    CORDIC_IRQHandler                        0x08000293   Thumb Code     0  startup_stm32g431xx.o(.text)
    CRS_IRQHandler                           0x08000293   Thumb Code     0  startup_stm32g431xx.o(.text)
    DMA1_Channel1_IRQHandler                 0x08000293   Thumb Code     0  startup_stm32g431xx.o(.text)
    DMA1_Channel2_IRQHandler                 0x08000293   Thumb Code     0  startup_stm32g431xx.o(.text)
    DMA1_Channel3_IRQHandler                 0x08000293   Thumb Code     0  startup_stm32g431xx.o(.text)
    DMA1_Channel4_IRQHandler                 0x08000293   Thumb Code     0  startup_stm32g431xx.o(.text)
    DMA1_Channel5_IRQHandler                 0x08000293   Thumb Code     0  startup_stm32g431xx.o(.text)
    DMA1_Channel6_IRQHandler                 0x08000293   Thumb Code     0  startup_stm32g431xx.o(.text)
    DMA2_Channel1_IRQHandler                 0x08000293   Thumb Code     0  startup_stm32g431xx.o(.text)
    DMA2_Channel2_IRQHandler                 0x08000293   Thumb Code     0  startup_stm32g431xx.o(.text)
    DMA2_Channel3_IRQHandler                 0x08000293   Thumb Code     0  startup_stm32g431xx.o(.text)
    DMA2_Channel4_IRQHandler                 0x08000293   Thumb Code     0  startup_stm32g431xx.o(.text)
    DMA2_Channel5_IRQHandler                 0x08000293   Thumb Code     0  startup_stm32g431xx.o(.text)
    DMA2_Channel6_IRQHandler                 0x08000293   Thumb Code     0  startup_stm32g431xx.o(.text)
    DMAMUX_OVR_IRQHandler                    0x08000293   Thumb Code     0  startup_stm32g431xx.o(.text)
    EXTI0_IRQHandler                         0x08000293   Thumb Code     0  startup_stm32g431xx.o(.text)
    EXTI15_10_IRQHandler                     0x08000293   Thumb Code     0  startup_stm32g431xx.o(.text)
    EXTI1_IRQHandler                         0x08000293   Thumb Code     0  startup_stm32g431xx.o(.text)
    EXTI2_IRQHandler                         0x08000293   Thumb Code     0  startup_stm32g431xx.o(.text)
    EXTI3_IRQHandler                         0x08000293   Thumb Code     0  startup_stm32g431xx.o(.text)
    EXTI4_IRQHandler                         0x08000293   Thumb Code     0  startup_stm32g431xx.o(.text)
    EXTI9_5_IRQHandler                       0x08000293   Thumb Code     0  startup_stm32g431xx.o(.text)
    FDCAN1_IT0_IRQHandler                    0x08000293   Thumb Code     0  startup_stm32g431xx.o(.text)
    FDCAN1_IT1_IRQHandler                    0x08000293   Thumb Code     0  startup_stm32g431xx.o(.text)
    FLASH_IRQHandler                         0x08000293   Thumb Code     0  startup_stm32g431xx.o(.text)
    FMAC_IRQHandler                          0x08000293   Thumb Code     0  startup_stm32g431xx.o(.text)
    FPU_IRQHandler                           0x08000293   Thumb Code     0  startup_stm32g431xx.o(.text)
    I2C1_ER_IRQHandler                       0x08000293   Thumb Code     0  startup_stm32g431xx.o(.text)
    I2C1_EV_IRQHandler                       0x08000293   Thumb Code     0  startup_stm32g431xx.o(.text)
    I2C2_ER_IRQHandler                       0x08000293   Thumb Code     0  startup_stm32g431xx.o(.text)
    I2C2_EV_IRQHandler                       0x08000293   Thumb Code     0  startup_stm32g431xx.o(.text)
    I2C3_ER_IRQHandler                       0x08000293   Thumb Code     0  startup_stm32g431xx.o(.text)
    I2C3_EV_IRQHandler                       0x08000293   Thumb Code     0  startup_stm32g431xx.o(.text)
    LPTIM1_IRQHandler                        0x08000293   Thumb Code     0  startup_stm32g431xx.o(.text)
    LPUART1_IRQHandler                       0x08000293   Thumb Code     0  startup_stm32g431xx.o(.text)
    PVD_PVM_IRQHandler                       0x08000293   Thumb Code     0  startup_stm32g431xx.o(.text)
    RCC_IRQHandler                           0x08000293   Thumb Code     0  startup_stm32g431xx.o(.text)
    RNG_IRQHandler                           0x08000293   Thumb Code     0  startup_stm32g431xx.o(.text)
    RTC_Alarm_IRQHandler                     0x08000293   Thumb Code     0  startup_stm32g431xx.o(.text)
    RTC_TAMP_LSECSS_IRQHandler               0x08000293   Thumb Code     0  startup_stm32g431xx.o(.text)
    RTC_WKUP_IRQHandler                      0x08000293   Thumb Code     0  startup_stm32g431xx.o(.text)
    SAI1_IRQHandler                          0x08000293   Thumb Code     0  startup_stm32g431xx.o(.text)
    SPI1_IRQHandler                          0x08000293   Thumb Code     0  startup_stm32g431xx.o(.text)
    SPI2_IRQHandler                          0x08000293   Thumb Code     0  startup_stm32g431xx.o(.text)
    SPI3_IRQHandler                          0x08000293   Thumb Code     0  startup_stm32g431xx.o(.text)
    TIM1_BRK_TIM15_IRQHandler                0x08000293   Thumb Code     0  startup_stm32g431xx.o(.text)
    TIM1_CC_IRQHandler                       0x08000293   Thumb Code     0  startup_stm32g431xx.o(.text)
    TIM1_TRG_COM_TIM17_IRQHandler            0x08000293   Thumb Code     0  startup_stm32g431xx.o(.text)
    TIM1_UP_TIM16_IRQHandler                 0x08000293   Thumb Code     0  startup_stm32g431xx.o(.text)
    TIM2_IRQHandler                          0x08000293   Thumb Code     0  startup_stm32g431xx.o(.text)
    TIM3_IRQHandler                          0x08000293   Thumb Code     0  startup_stm32g431xx.o(.text)
    TIM4_IRQHandler                          0x08000293   Thumb Code     0  startup_stm32g431xx.o(.text)
    TIM6_DAC_IRQHandler                      0x08000293   Thumb Code     0  startup_stm32g431xx.o(.text)
    TIM8_BRK_IRQHandler                      0x08000293   Thumb Code     0  startup_stm32g431xx.o(.text)
    TIM8_CC_IRQHandler                       0x08000293   Thumb Code     0  startup_stm32g431xx.o(.text)
    TIM8_TRG_COM_IRQHandler                  0x08000293   Thumb Code     0  startup_stm32g431xx.o(.text)
    TIM8_UP_IRQHandler                       0x08000293   Thumb Code     0  startup_stm32g431xx.o(.text)
    UART4_IRQHandler                         0x08000293   Thumb Code     0  startup_stm32g431xx.o(.text)
    UCPD1_IRQHandler                         0x08000293   Thumb Code     0  startup_stm32g431xx.o(.text)
    USART1_IRQHandler                        0x08000293   Thumb Code     0  startup_stm32g431xx.o(.text)
    USART2_IRQHandler                        0x08000293   Thumb Code     0  startup_stm32g431xx.o(.text)
    USART3_IRQHandler                        0x08000293   Thumb Code     0  startup_stm32g431xx.o(.text)
    USBWakeUp_IRQHandler                     0x08000293   Thumb Code     0  startup_stm32g431xx.o(.text)
    USB_HP_IRQHandler                        0x08000293   Thumb Code     0  startup_stm32g431xx.o(.text)
    USB_LP_IRQHandler                        0x08000293   Thumb Code     0  startup_stm32g431xx.o(.text)
    WWDG_IRQHandler                          0x08000293   Thumb Code     0  startup_stm32g431xx.o(.text)
    __user_initial_stackheap                 0x08000295   Thumb Code     0  startup_stm32g431xx.o(.text)
    __aeabi_uldivmod                         0x080002b9   Thumb Code     0  lludivv7m.o(.text)
    _ll_udiv                                 0x080002b9   Thumb Code   240  lludivv7m.o(.text)
    __aeabi_memcpy                           0x080003a9   Thumb Code     0  rt_memcpy_v6.o(.text)
    __rt_memcpy                              0x080003a9   Thumb Code   138  rt_memcpy_v6.o(.text)
    _memcpy_lastbytes                        0x0800040f   Thumb Code     0  rt_memcpy_v6.o(.text)
    __aeabi_memclr4                          0x08000433   Thumb Code     0  rt_memclr_w.o(.text)
    __aeabi_memclr8                          0x08000433   Thumb Code     0  rt_memclr_w.o(.text)
    __rt_memclr_w                            0x08000433   Thumb Code     0  rt_memclr_w.o(.text)
    _memset_w                                0x08000437   Thumb Code    74  rt_memclr_w.o(.text)
    __use_two_region_memory                  0x08000481   Thumb Code     2  heapauxi.o(.text)
    __rt_heap_escrow$2region                 0x08000483   Thumb Code     2  heapauxi.o(.text)
    __rt_heap_expand$2region                 0x08000485   Thumb Code     2  heapauxi.o(.text)
    __aeabi_memcpy4                          0x08000487   Thumb Code     0  rt_memcpy_w.o(.text)
    __aeabi_memcpy8                          0x08000487   Thumb Code     0  rt_memcpy_w.o(.text)
    __rt_memcpy_w                            0x08000487   Thumb Code   100  rt_memcpy_w.o(.text)
    _memcpy_lastbytes_aligned                0x080004cf   Thumb Code     0  rt_memcpy_w.o(.text)
    __user_setup_stackheap                   0x080004eb   Thumb Code    74  sys_stackheap_outer.o(.text)
    exit                                     0x08000535   Thumb Code    18  exit.o(.text)
    __user_libspace                          0x08000549   Thumb Code     8  libspace.o(.text)
    __user_perproc_libspace                  0x08000549   Thumb Code     0  libspace.o(.text)
    __user_perthread_libspace                0x08000549   Thumb Code     0  libspace.o(.text)
    _sys_exit                                0x08000551   Thumb Code     8  sys_exit.o(.text)
    __I$use$semihosting                      0x0800055d   Thumb Code     0  use_no_semi.o(.text)
    __use_no_semihosting_swi                 0x0800055d   Thumb Code     2  use_no_semi.o(.text)
    __semihosting_library_function           0x0800055f   Thumb Code     0  indicate_semi.o(.text)
    BusFault_Handler                         0x08000561   Thumb Code     2  stm32g4xx_it.o(.text.BusFault_Handler)
    CalculateCRC                             0x08000565   Thumb Code    20  crc_calc.o(.text.CalculateCRC)
    CalculateCRCCircularBuffer               0x08000579   Thumb Code    52  crc_calc.o(.text.CalculateCRCCircularBuffer)
    DMA_Init                                 0x080005ad   Thumb Code   100  init_peripherial.o(.text.DMA_Init)
    DeInit                                   0x08000611   Thumb Code    22  main.o(.text.DeInit)
    DeInit_DMA                               0x08000627   Thumb Code   102  init_peripherial.o(.text.DeInit_DMA)
    DeInit_GPIO                              0x0800068d   Thumb Code   104  init_peripherial.o(.text.DeInit_GPIO)
    DeInit_LPUART1                           0x080006f5   Thumb Code    56  init_peripherial.o(.text.DeInit_LPUART1)
    DeInit_TIM7                              0x0800072d   Thumb Code    70  init_peripherial.o(.text.DeInit_TIM7)
    DebugMon_Handler                         0x08000773   Thumb Code     2  stm32g4xx_it.o(.text.DebugMon_Handler)
    Debug_Led_app_run                        0x08000775   Thumb Code    68  main.o(.text.Debug_Led_app_run)
    Debug_Led_boot_run                       0x080007b9   Thumb Code    68  main.o(.text.Debug_Led_boot_run)
    GPIO_Init                                0x080007fd   Thumb Code   204  init_peripherial.o(.text.GPIO_Init)
    HardFault_Handler                        0x080008c9   Thumb Code     2  stm32g4xx_it.o(.text.HardFault_Handler)
    Init                                     0x080008cb   Thumb Code    26  main.o(.text.Init)
    LL_DMA_DeInit                            0x080008e5   Thumb Code   374  stm32g4xx_ll_dma.o(.text.LL_DMA_DeInit)
    LL_GPIO_Init                             0x08000a5d   Thumb Code   222  stm32g4xx_ll_gpio.o(.text.LL_GPIO_Init)
    LL_Init1msTick                           0x08000b3b   Thumb Code    40  stm32g4xx_ll_utils.o(.text.LL_Init1msTick)
    LL_LPUART_DeInit                         0x08000b63   Thumb Code    44  stm32g4xx_ll_lpuart.o(.text.LL_LPUART_DeInit)
    LL_LPUART_Init                           0x08000b91   Thumb Code   136  stm32g4xx_ll_lpuart.o(.text.LL_LPUART_Init)
    LL_RCC_GetLPUARTClockFreq                0x08000c31   Thumb Code   122  stm32g4xx_ll_rcc.o(.text.LL_RCC_GetLPUARTClockFreq)
    LL_SetSystemCoreClock                    0x08000cab   Thumb Code    12  stm32g4xx_ll_utils.o(.text.LL_SetSystemCoreClock)
    LL_TIM_DeInit                            0x08000cb7   Thumb Code   406  stm32g4xx_ll_tim.o(.text.LL_TIM_DeInit)
    LPUART1_UART_Init                        0x08000e4d   Thumb Code   386  init_peripherial.o(.text.LPUART1_UART_Init)
    MemManage_Handler                        0x08000fd1   Thumb Code     2  stm32g4xx_it.o(.text.MemManage_Handler)
    NMI_Handler                              0x08000fd5   Thumb Code     2  stm32g4xx_it.o(.text.NMI_Handler)
    PendSV_Handler                           0x08000fd7   Thumb Code     2  stm32g4xx_it.o(.text.PendSV_Handler)
    SVC_Handler                              0x08001045   Thumb Code     2  stm32g4xx_it.o(.text.SVC_Handler)
    StartProgram                             0x08001049   Thumb Code    62  main.o(.text.StartProgram)
    SystemClock_Config                       0x08001089   Thumb Code   210  main.o(.text.SystemClock_Config)
    SystemInit                               0x0800115b   Thumb Code    18  system_stm32g4xx.o(.text.SystemInit)
    TIM7_IRQHandler                          0x0800116d   Thumb Code    26  main.o(.text.TIM7_IRQHandler)
    TIM7_Init                                0x08001187   Thumb Code    86  init_peripherial.o(.text.TIM7_Init)
    UART_Config                              0x080011dd   Thumb Code   108  uart.o(.text.UART_Config)
    UART_StateMachine                        0x08001249   Thumb Code   760  uart.o(.text.UART_StateMachine)
    UART_StateMachine2                       0x08001541   Thumb Code  1120  uart.o(.text.UART_StateMachine2)
    UART_Transmit                            0x080019a5   Thumb Code    84  uart.o(.text.UART_Transmit)
    UsageFault_Handler                       0x080019f9   Thumb Code     2  stm32g4xx_it.o(.text.UsageFault_Handler)
    main                                     0x080019fb   Thumb Code    18  main.o(.text.main)
    _fp_init                                 0x08001a0d   Thumb Code    26  fpinit.o(x$fpl$fpinit)
    __fplib_config_fpu_vfp                   0x08001a25   Thumb Code     0  fpinit.o(x$fpl$fpinit)
    __fplib_config_pureend_doubles           0x08001a25   Thumb Code     0  fpinit.o(x$fpl$fpinit)
    AHBPrescTable                            0x08001a26   Data          16  system_stm32g4xx.o(.rodata.AHBPrescTable)
    APBPrescTable                            0x08001a36   Data           8  system_stm32g4xx.o(.rodata.APBPrescTable)
    Region$$Table$$Base                      0x08001a40   Number         0  anon$$obj.o(Region$$Table)
    Region$$Table$$Limit                     0x08001a60   Number         0  anon$$obj.o(Region$$Table)
    SystemCoreClock                          0x20000000   Data           4  system_stm32g4xx.o(.data.SystemCoreClock)
    __libspace_start                         0x20000008   Data          96  libspace.o(.bss)
    CommandQueue                             0x20000068   Data        4824  uart.o(.bss.CommandQueue)
    __temporary_stack_top$libspace           0x20000068   Data           0  libspace.o(.bss)
    UART_Error                               0x20001340   Data           1  uart.o(.bss.UART_Error)
    UART_State                               0x20001341   Data           1  uart.o(.bss.UART_State)
    UART_TX                                  0x20001342   Data         256  uart.o(.bss.UART_TX)
    bytes_received                           0x20001442   Data           1  uart.o(.bss.bytes_received)
    current_global_counter                   0x20001444   Data           4  uart.o(.bss.current_global_counter)
    dma_rx_cnt                               0x20001448   Data           4  uart.o(.bss.dma_rx_cnt)
    elapsed_global                           0x2000144c   Data           4  uart.o(.bss.elapsed_global)
    global_counter_flag                      0x20001450   Data           1  uart.o(.bss.global_counter_flag)
    hex_line_buffer                          0x20001454   Data         133  uart.o(.bss.hex_line_buffer)
    new_cnt                                  0x200014dc   Data           4  uart.o(.bss.new_cnt)
    overflow_count                           0x200014e0   Data           4  uart.o(.bss.overflow_count)
    queue_cnt                                0x200014e4   Data           1  uart.o(.bss.queue_cnt)
    queue_read_cnt                           0x200014e5   Data           1  uart.o(.bss.queue_read_cnt)
    retry_cnt                                0x200014e6   Data           1  uart.o(.bss.retry_cnt)
    start_global_time_counter                0x200014e8   Data           4  uart.o(.bss.start_global_time_counter)
    uart_expected_length                     0x200014ec   Data           4  uart.o(.bss.uart_expected_length)
    uart_length                              0x200014f0   Data           1  uart.o(.bss.uart_length)
    usb_rx_buf                               0x200014f4   Data         256  uart.o(.bss.usb_rx_buf)
    usb_tx_buf                               0x200015f4   Data         252  uart.o(.bss.usb_tx_buf)



==============================================================================

Memory Map of the image

  Image Entry point : 0x080001d9

  Load Region LR_IROM1 (Base: 0x08000000, Size: 0x00001a68, Max: 0x00020000, ABSOLUTE)

    Execution Region ER_IROM1 (Exec base: 0x08000000, Load base: 0x08000000, Size: 0x00001a60, Max: 0x00020000, ABSOLUTE)

    Exec Addr    Load Addr    Size         Type   Attr      Idx    E Section Name        Object

    0x08000000   0x08000000   0x000001d8   Data   RO            3    RESET               startup_stm32g431xx.o
    0x080001d8   0x080001d8   0x00000008   Code   RO          358  * !!!main             c_w.l(__main.o)
    0x080001e0   0x080001e0   0x00000034   Code   RO          535    !!!scatter          c_w.l(__scatter.o)
    0x08000214   0x08000214   0x0000001a   Code   RO          537    !!handler_copy      c_w.l(__scatter_copy.o)
    0x0800022e   0x0800022e   0x00000002   PAD
    0x08000230   0x08000230   0x0000001c   Code   RO          539    !!handler_zi        c_w.l(__scatter_zi.o)
    0x0800024c   0x0800024c   0x00000002   Code   RO          397    .ARM.Collect$$libinit$$00000000  c_w.l(libinit.o)
    0x0800024e   0x0800024e   0x00000004   Code   RO          409    .ARM.Collect$$libinit$$00000001  c_w.l(libinit2.o)
    0x08000252   0x08000252   0x00000000   Code   RO          412    .ARM.Collect$$libinit$$00000004  c_w.l(libinit2.o)
    0x08000252   0x08000252   0x00000000   Code   RO          414    .ARM.Collect$$libinit$$00000006  c_w.l(libinit2.o)
    0x08000252   0x08000252   0x00000000   Code   RO          417    .ARM.Collect$$libinit$$0000000C  c_w.l(libinit2.o)
    0x08000252   0x08000252   0x00000000   Code   RO          419    .ARM.Collect$$libinit$$0000000E  c_w.l(libinit2.o)
    0x08000252   0x08000252   0x00000000   Code   RO          421    .ARM.Collect$$libinit$$00000010  c_w.l(libinit2.o)
    0x08000252   0x08000252   0x00000000   Code   RO          424    .ARM.Collect$$libinit$$00000013  c_w.l(libinit2.o)
    0x08000252   0x08000252   0x00000000   Code   RO          426    .ARM.Collect$$libinit$$00000015  c_w.l(libinit2.o)
    0x08000252   0x08000252   0x00000000   Code   RO          428    .ARM.Collect$$libinit$$00000017  c_w.l(libinit2.o)
    0x08000252   0x08000252   0x00000000   Code   RO          430    .ARM.Collect$$libinit$$00000019  c_w.l(libinit2.o)
    0x08000252   0x08000252   0x00000000   Code   RO          432    .ARM.Collect$$libinit$$0000001B  c_w.l(libinit2.o)
    0x08000252   0x08000252   0x00000000   Code   RO          434    .ARM.Collect$$libinit$$0000001D  c_w.l(libinit2.o)
    0x08000252   0x08000252   0x00000000   Code   RO          436    .ARM.Collect$$libinit$$0000001F  c_w.l(libinit2.o)
    0x08000252   0x08000252   0x00000000   Code   RO          438    .ARM.Collect$$libinit$$00000021  c_w.l(libinit2.o)
    0x08000252   0x08000252   0x00000000   Code   RO          440    .ARM.Collect$$libinit$$00000023  c_w.l(libinit2.o)
    0x08000252   0x08000252   0x00000000   Code   RO          442    .ARM.Collect$$libinit$$00000025  c_w.l(libinit2.o)
    0x08000252   0x08000252   0x00000000   Code   RO          444    .ARM.Collect$$libinit$$00000027  c_w.l(libinit2.o)
    0x08000252   0x08000252   0x00000000   Code   RO          448    .ARM.Collect$$libinit$$0000002E  c_w.l(libinit2.o)
    0x08000252   0x08000252   0x00000000   Code   RO          450    .ARM.Collect$$libinit$$00000030  c_w.l(libinit2.o)
    0x08000252   0x08000252   0x00000000   Code   RO          452    .ARM.Collect$$libinit$$00000032  c_w.l(libinit2.o)
    0x08000252   0x08000252   0x00000000   Code   RO          454    .ARM.Collect$$libinit$$00000034  c_w.l(libinit2.o)
    0x08000252   0x08000252   0x00000002   Code   RO          455    .ARM.Collect$$libinit$$00000035  c_w.l(libinit2.o)
    0x08000254   0x08000254   0x00000002   Code   RO          490    .ARM.Collect$$libshutdown$$00000000  c_w.l(libshutdown.o)
    0x08000256   0x08000256   0x00000000   Code   RO          518    .ARM.Collect$$libshutdown$$00000002  c_w.l(libshutdown2.o)
    0x08000256   0x08000256   0x00000000   Code   RO          520    .ARM.Collect$$libshutdown$$00000004  c_w.l(libshutdown2.o)
    0x08000256   0x08000256   0x00000000   Code   RO          523    .ARM.Collect$$libshutdown$$00000007  c_w.l(libshutdown2.o)
    0x08000256   0x08000256   0x00000000   Code   RO          526    .ARM.Collect$$libshutdown$$0000000A  c_w.l(libshutdown2.o)
    0x08000256   0x08000256   0x00000000   Code   RO          528    .ARM.Collect$$libshutdown$$0000000C  c_w.l(libshutdown2.o)
    0x08000256   0x08000256   0x00000000   Code   RO          531    .ARM.Collect$$libshutdown$$0000000F  c_w.l(libshutdown2.o)
    0x08000256   0x08000256   0x00000002   Code   RO          532    .ARM.Collect$$libshutdown$$00000010  c_w.l(libshutdown2.o)
    0x08000258   0x08000258   0x00000000   Code   RO          360    .ARM.Collect$$rtentry$$00000000  c_w.l(__rtentry.o)
    0x08000258   0x08000258   0x00000000   Code   RO          368    .ARM.Collect$$rtentry$$00000002  c_w.l(__rtentry2.o)
    0x08000258   0x08000258   0x00000006   Code   RO          380    .ARM.Collect$$rtentry$$00000004  c_w.l(__rtentry4.o)
    0x0800025e   0x0800025e   0x00000000   Code   RO          370    .ARM.Collect$$rtentry$$00000009  c_w.l(__rtentry2.o)
    0x0800025e   0x0800025e   0x00000004   Code   RO          371    .ARM.Collect$$rtentry$$0000000A  c_w.l(__rtentry2.o)
    0x08000262   0x08000262   0x00000000   Code   RO          373    .ARM.Collect$$rtentry$$0000000C  c_w.l(__rtentry2.o)
    0x08000262   0x08000262   0x00000008   Code   RO          374    .ARM.Collect$$rtentry$$0000000D  c_w.l(__rtentry2.o)
    0x0800026a   0x0800026a   0x00000002   Code   RO          401    .ARM.Collect$$rtexit$$00000000  c_w.l(rtexit.o)
    0x0800026c   0x0800026c   0x00000000   Code   RO          461    .ARM.Collect$$rtexit$$00000002  c_w.l(rtexit2.o)
    0x0800026c   0x0800026c   0x00000004   Code   RO          462    .ARM.Collect$$rtexit$$00000003  c_w.l(rtexit2.o)
    0x08000270   0x08000270   0x00000006   Code   RO          463    .ARM.Collect$$rtexit$$00000004  c_w.l(rtexit2.o)
    0x08000276   0x08000276   0x00000002   PAD
    0x08000278   0x08000278   0x00000040   Code   RO            4    .text               startup_stm32g431xx.o
    0x080002b8   0x080002b8   0x000000f0   Code   RO          348    .text               c_w.l(lludivv7m.o)
    0x080003a8   0x080003a8   0x0000008a   Code   RO          350    .text               c_w.l(rt_memcpy_v6.o)
    0x08000432   0x08000432   0x0000004e   Code   RO          354    .text               c_w.l(rt_memclr_w.o)
    0x08000480   0x08000480   0x00000006   Code   RO          356    .text               c_w.l(heapauxi.o)
    0x08000486   0x08000486   0x00000064   Code   RO          365    .text               c_w.l(rt_memcpy_w.o)
    0x080004ea   0x080004ea   0x0000004a   Code   RO          384    .text               c_w.l(sys_stackheap_outer.o)
    0x08000534   0x08000534   0x00000012   Code   RO          386    .text               c_w.l(exit.o)
    0x08000546   0x08000546   0x00000002   PAD
    0x08000548   0x08000548   0x00000008   Code   RO          398    .text               c_w.l(libspace.o)
    0x08000550   0x08000550   0x0000000c   Code   RO          456    .text               c_w.l(sys_exit.o)
    0x0800055c   0x0800055c   0x00000002   Code   RO          479    .text               c_w.l(use_no_semi.o)
    0x0800055e   0x0800055e   0x00000000   Code   RO          481    .text               c_w.l(indicate_semi.o)
    0x0800055e   0x0800055e   0x00000002   PAD
    0x08000560   0x08000560   0x00000002   Code   RO           52    .text.BusFault_Handler  stm32g4xx_it.o
    0x08000562   0x08000562   0x00000002   PAD
    0x08000564   0x08000564   0x00000014   Code   RO           71    .text.CalculateCRC  crc_calc.o
    0x08000578   0x08000578   0x00000034   Code   RO           69    .text.CalculateCRCCircularBuffer  crc_calc.o
    0x080005ac   0x080005ac   0x00000064   Code   RO           83    .text.DMA_Init      init_peripherial.o
    0x08000610   0x08000610   0x00000016   Code   RO           23    .text.DeInit        main.o
    0x08000626   0x08000626   0x00000066   Code   RO           93    .text.DeInit_DMA    init_peripherial.o
    0x0800068c   0x0800068c   0x00000068   Code   RO           91    .text.DeInit_GPIO   init_peripherial.o
    0x080006f4   0x080006f4   0x00000038   Code   RO           95    .text.DeInit_LPUART1  init_peripherial.o
    0x0800072c   0x0800072c   0x00000046   Code   RO           97    .text.DeInit_TIM7   init_peripherial.o
    0x08000772   0x08000772   0x00000002   Code   RO           58    .text.DebugMon_Handler  stm32g4xx_it.o
    0x08000774   0x08000774   0x00000044   Code   RO           29    .text.Debug_Led_app_run  main.o
    0x080007b8   0x080007b8   0x00000044   Code   RO           27    .text.Debug_Led_boot_run  main.o
    0x080007fc   0x080007fc   0x000000cc   Code   RO           81    .text.GPIO_Init     init_peripherial.o
    0x080008c8   0x080008c8   0x00000002   Code   RO           48    .text.HardFault_Handler  stm32g4xx_it.o
    0x080008ca   0x080008ca   0x0000001a   Code   RO           13    .text.Init          main.o
    0x080008e4   0x080008e4   0x00000176   Code   RO          225    .text.LL_DMA_DeInit  stm32g4xx_ll_dma.o
    0x08000a5a   0x08000a5a   0x00000002   PAD
    0x08000a5c   0x08000a5c   0x000000de   Code   RO          185    .text.LL_GPIO_Init  stm32g4xx_ll_gpio.o
    0x08000b3a   0x08000b3a   0x00000028   Code   RO          147    .text.LL_Init1msTick  stm32g4xx_ll_utils.o
    0x08000b62   0x08000b62   0x0000002c   Code   RO          239    .text.LL_LPUART_DeInit  stm32g4xx_ll_lpuart.o
    0x08000b8e   0x08000b8e   0x00000002   PAD
    0x08000b90   0x08000b90   0x000000a0   Code   RO          241    .text.LL_LPUART_Init  stm32g4xx_ll_lpuart.o
    0x08000c30   0x08000c30   0x0000007a   Code   RO          265    .text.LL_RCC_GetLPUARTClockFreq  stm32g4xx_ll_rcc.o
    0x08000caa   0x08000caa   0x0000000c   Code   RO          151    .text.LL_SetSystemCoreClock  stm32g4xx_ll_utils.o
    0x08000cb6   0x08000cb6   0x00000196   Code   RO          298    .text.LL_TIM_DeInit  stm32g4xx_ll_tim.o
    0x08000e4c   0x08000e4c   0x00000182   Code   RO           85    .text.LPUART1_UART_Init  init_peripherial.o
    0x08000fce   0x08000fce   0x00000002   PAD
    0x08000fd0   0x08000fd0   0x00000002   Code   RO           50    .text.MemManage_Handler  stm32g4xx_it.o
    0x08000fd2   0x08000fd2   0x00000002   PAD
    0x08000fd4   0x08000fd4   0x00000002   Code   RO           46    .text.NMI_Handler   stm32g4xx_it.o
    0x08000fd6   0x08000fd6   0x00000002   Code   RO           60    .text.PendSV_Handler  stm32g4xx_it.o
    0x08000fd8   0x08000fd8   0x0000006c   Code   RO          257    .text.RCC_GetSystemClockFreq  stm32g4xx_ll_rcc.o
    0x08001044   0x08001044   0x00000002   Code   RO           56    .text.SVC_Handler   stm32g4xx_it.o
    0x08001046   0x08001046   0x00000002   PAD
    0x08001048   0x08001048   0x0000003e   Code   RO           25    .text.StartProgram  main.o
    0x08001086   0x08001086   0x00000002   PAD
    0x08001088   0x08001088   0x000000d2   Code   RO           15    .text.SystemClock_Config  main.o
    0x0800115a   0x0800115a   0x00000012   Code   RO          332    .text.SystemInit    system_stm32g4xx.o
    0x0800116c   0x0800116c   0x0000001a   Code   RO           21    .text.TIM7_IRQHandler  main.o
    0x08001186   0x08001186   0x00000056   Code   RO           87    .text.TIM7_Init     init_peripherial.o
    0x080011dc   0x080011dc   0x0000006c   Code   RO          107    .text.UART_Config   uart.o
    0x08001248   0x08001248   0x000002f8   Code   RO          111    .text.UART_StateMachine  uart.o
    0x08001540   0x08001540   0x00000464   Code   RO          115    .text.UART_StateMachine2  uart.o
    0x080019a4   0x080019a4   0x00000054   Code   RO          113    .text.UART_Transmit  uart.o
    0x080019f8   0x080019f8   0x00000002   Code   RO           54    .text.UsageFault_Handler  stm32g4xx_it.o
    0x080019fa   0x080019fa   0x00000012   Code   RO           11    .text.main          main.o
    0x08001a0c   0x08001a0c   0x0000001a   Code   RO          473    x$fpl$fpinit        fz_wm.l(fpinit.o)
    0x08001a26   0x08001a26   0x00000010   Data   RO          337    .rodata.AHBPrescTable  system_stm32g4xx.o
    0x08001a36   0x08001a36   0x00000008   Data   RO          338    .rodata.APBPrescTable  system_stm32g4xx.o
    0x08001a3e   0x08001a3e   0x00000002   PAD
    0x08001a40   0x08001a40   0x00000020   Data   RO          534    Region$$Table       anon$$obj.o


    Execution Region RW_IRAM1 (Exec base: 0x20000000, Load base: 0x08001a60, Size: 0x00001cf0, Max: 0x00008000, ABSOLUTE)

    Exec Addr    Load Addr    Size         Type   Attr      Idx    E Section Name        Object

    0x20000000   0x08001a60   0x00000004   Data   RW          336    .data.SystemCoreClock  system_stm32g4xx.o
    0x20000004   0x08001a64   0x00000004   PAD
    0x20000008        -       0x00000060   Zero   RW          399    .bss                c_w.l(libspace.o)
    0x20000068        -       0x000012d8   Zero   RW          129    .bss.CommandQueue   uart.o
    0x20001340        -       0x00000001   Zero   RW          118    .bss.UART_Error     uart.o
    0x20001341        -       0x00000001   Zero   RW          117    .bss.UART_State     uart.o
    0x20001342        -       0x00000100   Zero   RW          138    .bss.UART_TX        uart.o
    0x20001442        -       0x00000001   Zero   RW          132    .bss.bytes_received  uart.o
    0x20001443   0x08001a64   0x00000001   PAD
    0x20001444        -       0x00000004   Zero   RW          133    .bss.current_global_counter  uart.o
    0x20001448        -       0x00000004   Zero   RW          119    .bss.dma_rx_cnt     uart.o
    0x2000144c        -       0x00000004   Zero   RW          137    .bss.elapsed_global  uart.o
    0x20001450        -       0x00000001   Zero   RW          134    .bss.global_counter_flag  uart.o
    0x20001451   0x08001a64   0x00000003   PAD
    0x20001454        -       0x00000085   Zero   RW          127    .bss.hex_line_buffer  uart.o
    0x200014d9   0x08001a64   0x00000003   PAD
    0x200014dc        -       0x00000004   Zero   RW          130    .bss.new_cnt        uart.o
    0x200014e0        -       0x00000004   Zero   RW          135    .bss.overflow_count  uart.o
    0x200014e4        -       0x00000001   Zero   RW          123    .bss.queue_cnt      uart.o
    0x200014e5        -       0x00000001   Zero   RW          121    .bss.queue_read_cnt  uart.o
    0x200014e6        -       0x00000001   Zero   RW          124    .bss.retry_cnt      uart.o
    0x200014e7   0x08001a64   0x00000001   PAD
    0x200014e8        -       0x00000004   Zero   RW          128    .bss.start_global_time_counter  uart.o
    0x200014ec        -       0x00000004   Zero   RW          120    .bss.uart_expected_length  uart.o
    0x200014f0        -       0x00000001   Zero   RW          131    .bss.uart_length    uart.o
    0x200014f1   0x08001a64   0x00000003   PAD
    0x200014f4        -       0x00000100   Zero   RW          125    .bss.usb_rx_buf     uart.o
    0x200015f4        -       0x000000fc   Zero   RW          126    .bss.usb_tx_buf     uart.o
    0x200016f0        -       0x00000200   Zero   RW            2    HEAP                startup_stm32g431xx.o
    0x200018f0        -       0x00000400   Zero   RW            1    STACK               startup_stm32g431xx.o


==============================================================================

Image component sizes


      Code (inc. data)   RO Data    RW Data    ZI Data      Debug   Object Name

        72          0          0          0          0       1525   crc_calc.o
      1108          0          0          0          0      12850   init_peripherial.o
       500          0          0          0          0      13289   main.o
        64         26        472          0       1536        892   startup_stm32g431xx.o
        16          0          0          0          0        983   stm32g4xx_it.o
       374          6          0          0          0       5261   stm32g4xx_ll_dma.o
       222          0          0          0          0       4006   stm32g4xx_ll_gpio.o
       204         24          0          0          0       4280   stm32g4xx_ll_lpuart.o
       230          0          0          0          0      13383   stm32g4xx_ll_rcc.o
       406          0          0          0          0      13268   stm32g4xx_ll_tim.o
        52          0          0          0          0       8840   stm32g4xx_ll_utils.o
        18          0         24          4          0       2795   system_stm32g4xx.o
      2076         40          0          0       5757      10417   uart.o

    ----------------------------------------------------------------------
      5356         96        530          4       7308      91789   Object Totals
         0          0         32          0          0          0   (incl. Generated)
        14          0          2          0         15          0   (incl. Padding)

    ----------------------------------------------------------------------

      Code (inc. data)   RO Data    RW Data    ZI Data      Debug   Library Member Name

         8          0          0          0          0         68   __main.o
         0          0          0          0          0          0   __rtentry.o
        12          0          0          0          0          0   __rtentry2.o
         6          0          0          0          0          0   __rtentry4.o
        52          8          0          0          0          0   __scatter.o
        26          0          0          0          0          0   __scatter_copy.o
        28          0          0          0          0          0   __scatter_zi.o
        18          0          0          0          0         80   exit.o
         6          0          0          0          0        152   heapauxi.o
         0          0          0          0          0          0   indicate_semi.o
         2          0          0          0          0          0   libinit.o
         6          0          0          0          0          0   libinit2.o
         2          0          0          0          0          0   libshutdown.o
         2          0          0          0          0          0   libshutdown2.o
         8          4          0          0         96         68   libspace.o
       240          0          0          0          0        100   lludivv7m.o
        78          0          0          0          0         80   rt_memclr_w.o
       138          0          0          0          0         68   rt_memcpy_v6.o
       100          0          0          0          0         80   rt_memcpy_w.o
         2          0          0          0          0          0   rtexit.o
        10          0          0          0          0          0   rtexit2.o
        12          4          0          0          0         68   sys_exit.o
        74          0          0          0          0         80   sys_stackheap_outer.o
         2          0          0          0          0         68   use_no_semi.o
        26          0          0          0          0        116   fpinit.o

    ----------------------------------------------------------------------
       866         16          0          0         96       1028   Library Totals
         8          0          0          0          0          0   (incl. Padding)

    ----------------------------------------------------------------------

      Code (inc. data)   RO Data    RW Data    ZI Data      Debug   Library Name

       832         16          0          0         96        912   c_w.l
        26          0          0          0          0        116   fz_wm.l

    ----------------------------------------------------------------------
       866         16          0          0         96       1028   Library Totals

    ----------------------------------------------------------------------

==============================================================================


      Code (inc. data)   RO Data    RW Data    ZI Data      Debug   

      6222        112        530          4       7404      92233   Grand Totals
      6222        112        530          4       7404      92233   ELF Image Totals
      6222        112        530          4          0          0   ROM Totals

==============================================================================

    Total RO  Size (Code + RO Data)                 6752 (   6.59kB)
    Total RW  Size (RW Data + ZI Data)              7408 (   7.23kB)
    Total ROM Size (Code + RO Data + RW Data)       6756 (   6.60kB)

==============================================================================

